Archive member included to satisfy reference by file (symbol)

ym/microbit/source/microbit.a(MicroBit.cpp.o)
                              source/CMakeFiles/iot-example.dir/home/student/IoT-Challenge3/source/main.cpp.o (MicroBit::MicroBit())
ym/microbit-dal/source/microbit-dal.a(MicroBitDevice.cpp.o)
                              ym/microbit/source/microbit.a(MicroBit.cpp.o) (microbit_serial_number())
ym/microbit-dal/source/microbit-dal.a(MicroBitFiber.cpp.o)
                              ym/microbit/source/microbit.a(MicroBit.cpp.o) (scheduler_init(EventModel&))
ym/microbit-dal/source/microbit-dal.a(MicroBitFont.cpp.o)
                              ym/microbit-dal/source/microbit-dal.a(MicroBitDevice.cpp.o) (MicroBitFont::defaultFont)
ym/microbit-dal/source/microbit-dal.a(MicroBitHeapAllocator.cpp.o)
                              ym/microbit/source/microbit.a(MicroBit.cpp.o) (microbit_create_heap(unsigned long, unsigned long))
ym/microbit-dal/source/microbit-dal.a(MicroBitListener.cpp.o)
                              source/CMakeFiles/iot-example.dir/home/student/IoT-Challenge3/source/main.cpp.o (MicroBitListener::MicroBitListener(unsigned short, unsigned short, void (*)(MicroBitEvent), unsigned short))
ym/microbit-dal/source/microbit-dal.a(MicroBitSystemTimer.cpp.o)
                              source/CMakeFiles/iot-example.dir/home/student/IoT-Challenge3/source/main.cpp.o (system_timer_current_time())
ym/microbit-dal/source/microbit-dal.a(ManagedString.cpp.o)
                              source/CMakeFiles/iot-example.dir/home/student/IoT-Challenge3/source/pairing.cpp.o (ManagedString::~ManagedString())
ym/microbit-dal/source/microbit-dal.a(MicroBitEvent.cpp.o)
                              ym/microbit/source/microbit.a(MicroBit.cpp.o) (MicroBitEvent::MicroBitEvent())
ym/microbit-dal/source/microbit-dal.a(MicroBitImage.cpp.o)
                              source/CMakeFiles/iot-example.dir/home/student/IoT-Challenge3/source/main.cpp.o (MicroBitImage::~MicroBitImage())
ym/microbit-dal/source/microbit-dal.a(PacketBuffer.cpp.o)
                              source/CMakeFiles/iot-example.dir/home/student/IoT-Challenge3/source/main.cpp.o (PacketBuffer::~PacketBuffer())
ym/microbit-dal/source/microbit-dal.a(RefCounted.cpp.o)
                              ym/microbit-dal/source/microbit-dal.a(ManagedString.cpp.o) (RefCounted::init())
ym/microbit-dal/source/microbit-dal.a(MicroBitAccelerometer.cpp.o)
                              source/CMakeFiles/iot-example.dir/home/student/IoT-Challenge3/source/main.cpp.o (MicroBitAccelerometer::~MicroBitAccelerometer())
ym/microbit-dal/source/microbit-dal.a(MicroBitButton.cpp.o)
                              source/CMakeFiles/iot-example.dir/home/student/IoT-Challenge3/source/main.cpp.o (MicroBitButton::~MicroBitButton())
ym/microbit-dal/source/microbit-dal.a(MicroBitCompass.cpp.o)
                              source/CMakeFiles/iot-example.dir/home/student/IoT-Challenge3/source/main.cpp.o (MicroBitCompass::~MicroBitCompass())
ym/microbit-dal/source/microbit-dal.a(MicroBitCompassCalibrator.cpp.o)
                              ym/microbit/source/microbit.a(MicroBit.cpp.o) (MicroBitCompassCalibrator::MicroBitCompassCalibrator(MicroBitCompass&, MicroBitAccelerometer&, MicroBitDisplay&))
ym/microbit-dal/source/microbit-dal.a(MicroBitDisplay.cpp.o)
                              source/CMakeFiles/iot-example.dir/home/student/IoT-Challenge3/source/main.cpp.o (MicroBitDisplay::~MicroBitDisplay())
ym/microbit-dal/source/microbit-dal.a(MicroBitI2C.cpp.o)
                              ym/microbit/source/microbit.a(MicroBit.cpp.o) (MicroBitI2C::MicroBitI2C(PinName, PinName))
ym/microbit-dal/source/microbit-dal.a(MicroBitIO.cpp.o)
                              ym/microbit/source/microbit.a(MicroBit.cpp.o) (MicroBitIO::MicroBitIO(int, int, int, int, int, int, int, int, int, int, int, int, int, int, int, int, int, int, int))
ym/microbit-dal/source/microbit-dal.a(MicroBitLightSensor.cpp.o)
                              ym/microbit-dal/source/microbit-dal.a(MicroBitDisplay.cpp.o) (MicroBitLightSensor::read())
ym/microbit-dal/source/microbit-dal.a(MicroBitMessageBus.cpp.o)
                              ym/microbit/source/microbit.a(MicroBit.cpp.o) (MicroBitMessageBus::add(MicroBitListener*))
ym/microbit-dal/source/microbit-dal.a(MicroBitMultiButton.cpp.o)
                              ym/microbit/source/microbit.a(MicroBit.cpp.o) (MicroBitMultiButton::setEventConfiguration(MicroBitButtonEventConfiguration))
ym/microbit-dal/source/microbit-dal.a(MicroBitPin.cpp.o)
                              ym/microbit-dal/source/microbit-dal.a(MicroBitIO.cpp.o) (MicroBitPin::MicroBitPin(int, PinName, PinCapability))
ym/microbit-dal/source/microbit-dal.a(MicroBitRadio.cpp.o)
                              ym/microbit/source/microbit.a(MicroBit.cpp.o) (MicroBitRadio::MicroBitRadio(unsigned short))
ym/microbit-dal/source/microbit-dal.a(MicroBitRadioDatagram.cpp.o)
[...]
Memory Configuration

Name             Origin             Length             Attributes
FLASH            0x0000000000018000 0x0000000000028000 xr
RAM              0x0000000020002000 0x0000000000002000 xrw
*default*        0x0000000000000000 0xffffffffffffffff

Linker script and memory map

LOAD /usr/bin/../lib/gcc/arm-none-eabi/7.2.1/thumb/v6-m/crti.o
LOAD /usr/bin/../lib/gcc/arm-none-eabi/7.2.1/thumb/v6-m/crtbegin.o
LOAD /usr/bin/../lib/gcc/arm-none-eabi/7.2.1/../../../../arm-none-eabi/lib/thumb/v6-m/crt0.o
START GROUP
LOAD source/CMakeFiles/iot-example.dir/home/student/IoT-Challenge3/source/pairing.cpp.o
LOAD source/CMakeFiles/iot-example.dir/home/student/IoT-Challenge3/source/main.cpp.o
LOAD source/CMakeFiles/iot-example.dir/home/student/IoT-Challenge3/source/morse.cpp.o
LOAD ym/microbit/source/microbit.a
LOAD ym/microbit-dal/source/microbit-dal.a
LOAD ym/ble/source/ble.a
LOAD ym/ble-nrf51822/source/ble-nrf51822.a
LOAD ym/ble/source/ble.a
LOAD ym/ble-nrf51822/source/ble-nrf51822.a
LOAD ym/nrf51-sdk/source/nrf51-sdk.a
LOAD ym/mbed-classic/existing/mbed-classic.a
LOAD /usr/bin/../lib/gcc/arm-none-eabi/7.2.1/../../../../arm-none-eabi/lib/thumb/v6-m/libnosys.a
LOAD /usr/bin/../lib/gcc/arm-none-eabi/7.2.1/../../../../arm-none-eabi/lib/thumb/v6-m/libstdc++_nano.a
LOAD /usr/bin/../lib/gcc/arm-none-eabi/7.2.1/../../../../arm-none-eabi/lib/thumb/v6-m/libsupc++_nano.a
LOAD /usr/bin/../lib/gcc/arm-none-eabi/7.2.1/thumb/v6-m/libgcc.a
LOAD /usr/bin/../lib/gcc/arm-none-eabi/7.2.1/../../../../arm-none-eabi/lib/thumb/v6-m/libstdc++_nano.a
LOAD /usr/bin/../lib/gcc/arm-none-eabi/7.2.1/../../../../arm-none-eabi/lib/thumb/v6-m/libsupc++_nano.a
LOAD /usr/bin/../lib/gcc/arm-none-eabi/7.2.1/../../../../arm-none-eabi/lib/thumb/v6-m/libm.a
LOAD /usr/bin/../lib/gcc/arm-none-eabi/7.2.1/../../../../arm-none-eabi/lib/thumb/v6-m/libc_nano.a
LOAD /usr/bin/../lib/gcc/arm-none-eabi/7.2.1/thumb/v6-m/libgcc.a
END GROUP
LOAD /usr/bin/../lib/gcc/arm-none-eabi/7.2.1/../../../../arm-none-eabi/lib/thumb/v6-m/libstdc++_nano.a
LOAD /usr/bin/../lib/gcc/arm-none-eabi/7.2.1/../../../../arm-none-eabi/lib/thumb/v6-m/libm.a
LOAD /usr/bin/../lib/gcc/arm-none-eabi/7.2.1/../../../../arm-none-eabi/lib/thumb/v6-m/libc_nano.a
START GROUP
LOAD /usr/bin/../lib/gcc/arm-none-eabi/7.2.1/thumb/v6-m/libgcc.a
LOAD /usr/bin/../lib/gcc/arm-none-eabi/7.2.1/../../../../arm-none-eabi/lib/thumb/v6-m/libc_nano.a
END GROUP
START GROUP
LOAD /usr/bin/../lib/gcc/arm-none-eabi/7.2.1/thumb/v6-m/libgcc.a
LOAD /usr/bin/../lib/gcc/arm-none-eabi/7.2.1/../../../../arm-none-eabi/lib/thumb/v6-m/libc_nano.a
END GROUP
LOAD /usr/bin/../lib/gcc/arm-none-eabi/7.2.1/thumb/v6-m/crtend.o
LOAD /usr/bin/../lib/gcc/arm-none-eabi/7.2.1/thumb/v6-m/crtn.o

.text           0x0000000000018000    0x13708
 *(SORT_BY_ALIGNMENT(.Vectors))
 .Vectors       0x0000000000018000       0xc0 ym/mbed-classic/existing/mbed-classic.a(startup_NRF51822.S.obj)
                0x0000000000018000                __Vectors
 *(SORT_BY_ALIGNMENT(.text*))
 .text          0x00000000000180c0       0x48 /usr/bin/../lib/gcc/arm-none-eabi/7.2.1/thumb/v6-m/crtbegin.o
 .text          0x0000000000018108       0x78 /usr/bin/../lib/gcc/arm-none-eabi/7.2.1/../../../../arm-none-eabi/lib/thumb/v6-m/crt0.o
                0x0000000000018108                _mainCRTStartup
                0x0000000000018108                _start
 .text._Z12pairingStart13MicroBitEvent
                0x0000000000018180       0x10 source/CMakeFiles/iot-example.dir/home/student/IoT-Challenge3/source/main.cpp.o
                0x0000000000018180                pairingStart(MicroBitEvent)
 .text._ZN14MicroBitSerialD2Ev
                0x0000000000018190       0x18 source/CMakeFiles/iot-example.dir/home/student/IoT-Challenge3/source/main.cpp.o
                0x0000000000018190                MicroBitSerial::~MicroBitSerial()
                0x0000000000018190                MicroBitSerial::~MicroBitSerial()
 .text._Z9onConfirm13MicroBitEvent
                0x00000000000181a8       0x54 source/CMakeFiles/iot-example.dir/home/student/IoT-Challenge3/source/main.cpp.o
                0x00000000000181a8                onConfirm(MicroBitEvent)
 .text._Z11onFirstData13MicroBitEvent
                0x00000000000181fc       0x80 source/CMakeFiles/iot-example.dir/home/student/IoT-Challenge3/source/main.cpp.o
                0x00000000000181fc                onFirstData(MicroBitEvent)
 .text._ZN10EventModel6listenEiiPFv13MicroBitEventEt
                0x000000000001827c       0x60 source/CMakeFiles/iot-example.dir/home/student/IoT-Challenge3/source/main.cpp.o
                0x000000000001827c                EventModel::listen(int, int, void (*)(MicroBitEvent), unsigned short)
 .text.startup.main
                0x00000000000182dc      0x40c source/CMakeFiles/iot-example.dir/home/student/IoT-Challenge3/source/main.cpp.o
                0x00000000000182dc                main
 .text.startup._GLOBAL__sub_I_pairingStarted
                0x00000000000186e8       0x88 source/CMakeFiles/iot-example.dir/home/student/IoT-Challenge3/source/main.cpp.o
 .text._ZN8MicroBitD2Ev
                0x0000000000018770       0x6c source/CMakeFiles/iot-example.dir/home/student/IoT-Challenge3/source/main.cpp.o
                0x0000000000018770                MicroBit::~MicroBit()
                0x0000000000018770                MicroBit::~MicroBit()
 .text._ZN10MorseClass8getMorseB5cxx11Ec
                0x00000000000187dc       0x40 source/CMakeFiles/iot-example.dir/home/student/IoT-Challenge3/source/morse.cpp.o
                0x00000000000187dc                MorseClass::getMorse[abi:cxx11](char)
 .text._ZN10MorseClassC2Ev
                0x000000000001881c      0x338 source/CMakeFiles/iot-example.dir/home/student/IoT-Challenge3/source/morse.cpp.o
                0x000000000001881c                MorseClass::MorseClass()
                0x000000000001881c                MorseClass::MorseClass()
 .text._ZN8MicroBitC2Ev
                0x0000000000018b54      0x180 ym/microbit/source/microbit.a(MicroBit.cpp.o)
                0x0000000000018b54                MicroBit::MicroBit()
                0x0000000000018b54                MicroBit::MicroBit()
 .text._ZN8MicroBit4initEv
                0x0000000000018cd4      0x178 ym/microbit/source/microbit.a(MicroBit.cpp.o)
                0x0000000000018cd4                MicroBit::init()
 .text.NVIC_SystemReset
                0x0000000000018e4c       0x18 ym/microbit-dal/source/microbit-dal.a(MicroBitDevice.cpp.o)
 .text._Z22microbit_friendly_namev
                0x0000000000018e64       0x68 ym/microbit-dal/source/microbit-dal.a(MicroBitDevice.cpp.o)
                0x0000000000018e64                microbit_friendly_name()
 .text._Z14microbit_panici
                0x0000000000018ecc      0x170 ym/microbit-dal/source/microbit-dal.a(MicroBitDevice.cpp.o)
                0x0000000000018ecc                microbit_panic(int)
 .text._Z20microbit_seed_randomv
                0x000000000001903c       0x60 ym/microbit-dal/source/microbit-dal.a(MicroBitDevice.cpp.o)
                0x000000000001903c                microbit_seed_random()
 .text._Z14scheduler_tickv
                0x000000000001909c       0x38 ym/microbit-dal/source/microbit-dal.a(MicroBitFiber.cpp.o)
                0x000000000001909c                scheduler_tick()
 .text._Z15scheduler_event13MicroBitEvent
                0x00000000000190d4       0xcc ym/microbit-dal/source/microbit-dal.a(MicroBitFiber.cpp.o)
                0x00000000000190d4                scheduler_event(MicroBitEvent)
 .text._Z15getFiberContextv
                0x00000000000191a0       0x3c ym/microbit-dal/source/microbit-dal.a(MicroBitFiber.cpp.o)
                0x00000000000191a0                getFiberContext()
 .text._Z23fiber_scheduler_runningv
                0x00000000000191dc       0x10 ym/microbit-dal/source/microbit-dal.a(MicroBitFiber.cpp.o)
                0x00000000000191dc                fiber_scheduler_running()
 .text._Z14scheduler_initR10EventModel
                0x00000000000191ec       0xa8 ym/microbit-dal/source/microbit-dal.a(MicroBitFiber.cpp.o)
                0x00000000000191ec                scheduler_init(EventModel&)
 .text._Z14__create_fibermmmi
                0x0000000000019294       0x50 ym/microbit-dal/source/microbit-dal.a(MicroBitFiber.cpp.o)
                0x0000000000019294                __create_fiber(unsigned long, unsigned long, unsigned long, int)
 .text._Z24scheduler_runqueue_emptyv
                0x00000000000192e4       0x10 ym/microbit-dal/source/microbit-dal.a(MicroBitFiber.cpp.o)
                0x00000000000192e4                scheduler_runqueue_empty()
 .text._Z24fiber_add_idle_componentP17MicroBitComponent
                0x00000000000192f4       0x1c ym/microbit-dal/source/microbit-dal.a(MicroBitFiber.cpp.o)
                0x00000000000192f4                fiber_add_idle_component(MicroBitComponent*)
 .text._Z27fiber_remove_idle_componentP17MicroBitComponent
                0x0000000000019310       0x1c ym/microbit-dal/source/microbit-dal.a(MicroBitFiber.cpp.o)
                0x0000000000019310                fiber_remove_idle_component(MicroBitComponent*)
 .text._Z4idlev
                0x000000000001932c       0x30 ym/microbit-dal/source/microbit-dal.a(MicroBitFiber.cpp.o)
                0x000000000001932c                idle()
 .text._Z8schedulev
                0x000000000001935c       0xc8 ym/microbit-dal/source/microbit-dal.a(MicroBitFiber.cpp.o)
                0x000000000001935c                schedule()
 .text._Z11fiber_sleepm
                0x0000000000019424       0x54 ym/microbit-dal/source/microbit-dal.a(MicroBitFiber.cpp.o)
                0x0000000000019424                fiber_sleep(unsigned long)
 .text._Z19fiber_wake_on_eventtt
                0x0000000000019478       0x9c ym/microbit-dal/source/microbit-dal.a(MicroBitFiber.cpp.o)
                0x0000000000019478                fiber_wake_on_event(unsigned short, unsigned short)
 .text._Z13release_fiberv
                0x0000000000019514       0x28 ym/microbit-dal/source/microbit-dal.a(MicroBitFiber.cpp.o)
                0x0000000000019514                release_fiber()
 .text._Z6invokePFvPvES_
                0x000000000001953c       0x80 ym/microbit-dal/source/microbit-dal.a(MicroBitFiber.cpp.o)
                0x000000000001953c                invoke(void (*)(void*), void*)
 .text._ZN12MicroBitFont13getSystemFontEv
                0x00000000000195bc       0x10 ym/microbit-dal/source/microbit-dal.a(MicroBitFont.cpp.o)
                0x00000000000195bc                MicroBitFont::getSystemFont()
 .text.startup._GLOBAL__sub_I__ZN12MicroBitFont11defaultFontE
                0x00000000000195cc       0x18 ym/microbit-dal/source/microbit-dal.a(MicroBitFont.cpp.o)
 .text._Z20microbit_create_heapmm
                0x00000000000195e4       0x54 ym/microbit-dal/source/microbit-dal.a(MicroBitHeapAllocator.cpp.o)
                0x00000000000195e4                microbit_create_heap(unsigned long, unsigned long)
 .text._Z27microbit_create_nested_heapf
                0x0000000000019638       0x70 ym/microbit-dal/source/microbit-dal.a(MicroBitHeapAllocator.cpp.o)
                0x0000000000019638                microbit_create_nested_heap(float)
 .text._Z15microbit_mallocj
                0x00000000000196a8       0x40 ym/microbit-dal/source/microbit-dal.a(MicroBitHeapAllocator.cpp.o)
                0x00000000000196a8                microbit_malloc(unsigned int)
 .text._Z13microbit_freePv
                0x00000000000196e8       0x44 ym/microbit-dal/source/microbit-dal.a(MicroBitHeapAllocator.cpp.o)
                0x00000000000196e8                microbit_free(void*)
 .text._Z23system_timer_set_periodi
                0x000000000001972c       0x44 ym/microbit-dal/source/microbit-dal.a(MicroBitSystemTimer.cpp.o)
                0x000000000001972c                system_timer_set_period(int)
 .text._Z17system_timer_initi
                0x0000000000019770       0x54 ym/microbit-dal/source/microbit-dal.a(MicroBitSystemTimer.cpp.o)
                0x0000000000019770                system_timer_init(int)
 .text._Z23system_timer_get_periodv
                0x00000000000197c4        0xc ym/microbit-dal/source/microbit-dal.a(MicroBitSystemTimer.cpp.o)
                0x00000000000197c4                system_timer_get_period()
 .text._Z11update_timev
                0x00000000000197d0       0x44 ym/microbit-dal/source/microbit-dal.a(MicroBitSystemTimer.cpp.o)
                0x00000000000197d0                update_time()
 .text._Z17system_timer_tickv
                0x0000000000019814       0x24 ym/microbit-dal/source/microbit-dal.a(MicroBitSystemTimer.cpp.o)
                0x0000000000019814                system_timer_tick()
 .text._Z25system_timer_current_timev
                0x0000000000019838       0x1c ym/microbit-dal/source/microbit-dal.a(MicroBitSystemTimer.cpp.o)
                0x0000000000019838                system_timer_current_time()
 .text._Z28system_timer_current_time_usv
                0x0000000000019854       0x14 ym/microbit-dal/source/microbit-dal.a(MicroBitSystemTimer.cpp.o)
                0x0000000000019854                system_timer_current_time_us()
 .text._Z26system_timer_add_componentP17MicroBitComponent
                0x0000000000019868       0x3c ym/microbit-dal/source/microbit-dal.a(MicroBitSystemTimer.cpp.o)
                0x0000000000019868                system_timer_add_component(MicroBitComponent*)
 .text._Z29system_timer_remove_componentP17MicroBitComponent
                0x00000000000198a4       0x1c ym/microbit-dal/source/microbit-dal.a(MicroBitSystemTimer.cpp.o)
                0x00000000000198a4                system_timer_remove_component(MicroBitComponent*)
 .text._ZN13ManagedStringC2EPKc
                0x00000000000198c0       0x20 ym/microbit-dal/source/microbit-dal.a(ManagedString.cpp.o)
                0x00000000000198c0                ManagedString::ManagedString(char const*)
                0x00000000000198c0                ManagedString::ManagedString(char const*)
 .text._ZN13ManagedStringC2E12PacketBuffer
                0x00000000000198e0       0x64 ym/microbit-dal/source/microbit-dal.a(ManagedString.cpp.o)
                0x00000000000198e0                ManagedString::ManagedString(PacketBuffer)
                0x00000000000198e0                ManagedString::ManagedString(PacketBuffer)
 .text._ZN13ManagedStringC2EPKcs
                0x0000000000019944       0x54 ym/microbit-dal/source/microbit-dal.a(ManagedString.cpp.o)
                0x0000000000019944                ManagedString::ManagedString(char const*, short)
                0x0000000000019944                ManagedString::ManagedString(char const*, short)
 .text._ZN13ManagedStringC2Ev
                0x0000000000019998        0xc ym/microbit-dal/source/microbit-dal.a(ManagedString.cpp.o)
                0x0000000000019998                ManagedString::ManagedString()
                0x0000000000019998                ManagedString::ManagedString()
 .text.startup._GLOBAL__sub_I__ZN13ManagedString9initEmptyEv
                0x00000000000199a4       0x28 ym/microbit-dal/source/microbit-dal.a(ManagedString.cpp.o)
 .text._ZN13MicroBitEvent4fireEv
                0x00000000000199cc       0x28 ym/microbit-dal/source/microbit-dal.a(MicroBitEvent.cpp.o)
                0x00000000000199cc                MicroBitEvent::fire()
 .text._ZN13MicroBitImageC2Ev
                0x00000000000199f4        0xc ym/microbit-dal/source/microbit-dal.a(MicroBitImage.cpp.o)
                0x00000000000199f4                MicroBitImage::MicroBitImage()
                0x00000000000199f4                MicroBitImage::MicroBitImage()
 .text._ZN13MicroBitImage13setPixelValueEssh
                0x0000000000019a00       0x2c ym/microbit-dal/source/microbit-dal.a(MicroBitImage.cpp.o)
                0x0000000000019a00                MicroBitImage::setPixelValue(short, short, unsigned char)
 .text._ZN13MicroBitImage10printImageEssPKh
                0x0000000000019a2c       0x5c ym/microbit-dal/source/microbit-dal.a(MicroBitImage.cpp.o)
                0x0000000000019a2c                MicroBitImage::printImage(short, short, unsigned char const*)
 .text._ZN13MicroBitImage4initEssPKh
                0x0000000000019a88       0x50 ym/microbit-dal/source/microbit-dal.a(MicroBitImage.cpp.o)
                0x0000000000019a88                MicroBitImage::init(short, short, unsigned char const*)
 .text._ZN13MicroBitImageC2EPKc
                0x0000000000019ad8       0xa0 ym/microbit-dal/source/microbit-dal.a(MicroBitImage.cpp.o)
                0x0000000000019ad8                MicroBitImage::MicroBitImage(char const*)
                0x0000000000019ad8                MicroBitImage::MicroBitImage(char const*)
 .text._ZN13MicroBitImage5printEcss
                0x0000000000019b78       0x90 ym/microbit-dal/source/microbit-dal.a(MicroBitImage.cpp.o)
                0x0000000000019b78                MicroBitImage::print(char, short, short)
 .text._ZN13MicroBitImage9shiftLeftEs
                0x0000000000019c08       0x54 ym/microbit-dal/source/microbit-dal.a(MicroBitImage.cpp.o)
                0x0000000000019c08                MicroBitImage::shiftLeft(short)
 .text.startup._GLOBAL__sub_I__ZN13MicroBitImage10EmptyImageE
                0x0000000000019c5c       0x28 ym/microbit-dal/source/microbit-dal.a(MicroBitImage.cpp.o)
 .text.startup._GLOBAL__sub_I__ZN12PacketBuffer11EmptyPacketE
                0x0000000000019c84       0x24 ym/microbit-dal/source/microbit-dal.a(PacketBuffer.cpp.o)
 .text._ZL16isReadOnlyInlineP10RefCounted
                0x0000000000019ca8       0x24 ym/microbit-dal/source/microbit-dal.a(RefCounted.cpp.o)
 .text._ZN21MicroBitAccelerometerD2Ev
                0x0000000000019ccc       0x18 ym/microbit-dal/source/microbit-dal.a(MicroBitAccelerometer.cpp.o)
                0x0000000000019ccc                MicroBitAccelerometer::~MicroBitAccelerometer()
                0x0000000000019ccc                MicroBitAccelerometer::~MicroBitAccelerometer()
 .text._ZN21MicroBitAccelerometer9configureEv
                0x0000000000019ce4       0xfc ym/microbit-dal/source/microbit-dal.a(MicroBitAccelerometer.cpp.o)
                0x0000000000019ce4                MicroBitAccelerometer::configure()
 .text._ZN21MicroBitAccelerometer11readCommandEhPhi
                0x0000000000019de0       0x4c ym/microbit-dal/source/microbit-dal.a(MicroBitAccelerometer.cpp.o)
                0x0000000000019de0                MicroBitAccelerometer::readCommand(unsigned char, unsigned char*, int)
 .text._ZN21MicroBitAccelerometerC2ER11MicroBitI2Ctt
                0x0000000000019e2c       0x88 ym/microbit-dal/source/microbit-dal.a(MicroBitAccelerometer.cpp.o)
                0x0000000000019e2c                MicroBitAccelerometer::MicroBitAccelerometer(MicroBitI2C&, unsigned short, unsigned short)
                0x0000000000019e2c                MicroBitAccelerometer::MicroBitAccelerometer(MicroBitI2C&, unsigned short, unsigned short)
 .text._ZN21MicroBitAccelerometer12updateSampleEv
                0x0000000000019eb4       0x80 ym/microbit-dal/source/microbit-dal.a(MicroBitAccelerometer.cpp.o)
                0x0000000000019eb4                MicroBitAccelerometer::updateSample()
 .text._ZN21MicroBitAccelerometer20instantaneousPostureEv
                0x0000000000019f34      0x200 ym/microbit-dal/source/microbit-dal.a(MicroBitAccelerometer.cpp.o)
                0x0000000000019f34                MicroBitAccelerometer::instantaneousPosture()
 .text._ZN14MicroBitButton10systemTickEv
                0x000000000001a134       0xdc ym/microbit-dal/source/microbit-dal.a(MicroBitButton.cpp.o)
                0x000000000001a134                MicroBitButton::systemTick()
 .text._ZN14MicroBitButtonD2Ev
                0x000000000001a210       0x18 ym/microbit-dal/source/microbit-dal.a(MicroBitButton.cpp.o)
                0x000000000001a210                MicroBitButton::~MicroBitButton()
                0x000000000001a210                MicroBitButton::~MicroBitButton()
 .text._ZN14MicroBitButtonC2E7PinNamet32MicroBitButtonEventConfiguration7PinMode
                0x000000000001a228       0x5c ym/microbit-dal/source/microbit-dal.a(MicroBitButton.cpp.o)
                0x000000000001a228                MicroBitButton::MicroBitButton(PinName, unsigned short, MicroBitButtonEventConfiguration, PinMode)
                0x000000000001a228                MicroBitButton::MicroBitButton(PinName, unsigned short, MicroBitButtonEventConfiguration, PinMode)
 .text._ZN15MicroBitCompassD2Ev
                0x000000000001a284       0x18 ym/microbit-dal/source/microbit-dal.a(MicroBitCompass.cpp.o)
                0x000000000001a284                MicroBitCompass::~MicroBitCompass()
                0x000000000001a284                MicroBitCompass::~MicroBitCompass()
 .text._ZN15MicroBitCompass11readCommandEhPhi
                0x000000000001a29c       0x4c ym/microbit-dal/source/microbit-dal.a(MicroBitCompass.cpp.o)
                0x000000000001a29c                MicroBitCompass::readCommand(unsigned char, unsigned char*, int)
 .text._ZN15MicroBitCompass6read16Eh
                0x000000000001a2e8       0x48 ym/microbit-dal/source/microbit-dal.a(MicroBitCompass.cpp.o)
                0x000000000001a2e8                MicroBitCompass::read16(unsigned char)
 .text._ZN15MicroBitCompass5read8Eh
                0x000000000001a330       0x24 ym/microbit-dal/source/microbit-dal.a(MicroBitCompass.cpp.o)
                0x000000000001a330                MicroBitCompass::read8(unsigned char)
 .text._ZN15MicroBitCompass12basicBearingEv
                0x000000000001a354       0x80 ym/microbit-dal/source/microbit-dal.a(MicroBitCompass.cpp.o)
                0x000000000001a354                MicroBitCompass::basicBearing()
 .text._ZN15MicroBitCompass22tiltCompensatedBearingEv
                0x000000000001a3d4       0xfc ym/microbit-dal/source/microbit-dal.a(MicroBitCompass.cpp.o)
                0x000000000001a3d4                MicroBitCompass::tiltCompensatedBearing()
 .text._ZN15MicroBitCompass9configureEv
                0x000000000001a4d0       0x84 ym/microbit-dal/source/microbit-dal.a(MicroBitCompass.cpp.o)
                0x000000000001a4d0                MicroBitCompass::configure()
 .text._ZN15MicroBitCompass9calibrateEv
                0x000000000001a554       0x4c ym/microbit-dal/source/microbit-dal.a(MicroBitCompass.cpp.o)
                0x000000000001a554                MicroBitCompass::calibrate()
 .text._ZN15MicroBitCompass7headingEv
                0x000000000001a5a0       0x30 ym/microbit-dal/source/microbit-dal.a(MicroBitCompass.cpp.o)
                0x000000000001a5a0                MicroBitCompass::heading()
 .text._ZN15MicroBitCompass14setCalibrationE13CompassSample
                0x000000000001a5d0       0x48 ym/microbit-dal/source/microbit-dal.a(MicroBitCompass.cpp.o)
                0x000000000001a5d0                MicroBitCompass::setCalibration(CompassSample)
 .text._ZN15MicroBitCompass4initEtt
                0x000000000001a618       0x58 ym/microbit-dal/source/microbit-dal.a(MicroBitCompass.cpp.o)
                0x000000000001a618                MicroBitCompass::init(unsigned short, unsigned short)
 .text._ZN15MicroBitCompassC2ER11MicroBitI2CR21MicroBitAccelerometerR15MicroBitStoragett
                0x000000000001a670       0x50 ym/microbit-dal/source/microbit-dal.a(MicroBitCompass.cpp.o)
                0x000000000001a670                MicroBitCompass::MicroBitCompass(MicroBitI2C&, MicroBitAccelerometer&, MicroBitStorage&, unsigned short, unsigned short)
                0x000000000001a670                MicroBitCompass::MicroBitCompass(MicroBitI2C&, MicroBitAccelerometer&, MicroBitStorage&, unsigned short, unsigned short)
 .text._ZN25MicroBitCompassCalibrator9calibrateE13MicroBitEvent
                0x000000000001a6c0      0x364 ym/microbit-dal/source/microbit-dal.a(MicroBitCompassCalibrator.cpp.o)
                0x000000000001a6c0                MicroBitCompassCalibrator::calibrate(MicroBitEvent)
 .text._ZN25MicroBitCompassCalibratorC2ER15MicroBitCompassR21MicroBitAccelerometerR15MicroBitDisplay
                0x000000000001aa24       0x8c ym/microbit-dal/source/microbit-dal.a(MicroBitCompassCalibrator.cpp.o)
                0x000000000001aa24                MicroBitCompassCalibrator::MicroBitCompassCalibrator(MicroBitCompass&, MicroBitAccelerometer&, MicroBitDisplay&)
                0x000000000001aa24                MicroBitCompassCalibrator::MicroBitCompassCalibrator(MicroBitCompass&, MicroBitAccelerometer&, MicroBitDisplay&)
 .text._ZN15MicroBitDisplay15renderGreyscaleEv
                0x000000000001aab0       0xfc ym/microbit-dal/source/microbit-dal.a(MicroBitDisplay.cpp.o)
                0x000000000001aab0                MicroBitDisplay::renderGreyscale()
 .text._ZN4mbed6TickerD2Ev
                0x000000000001abac       0x1c ym/microbit-dal/source/microbit-dal.a(MicroBitDisplay.cpp.o)
                0x000000000001abac                mbed::Ticker::~Ticker()
                0x000000000001abac                mbed::Ticker::~Ticker()
 .text._ZN15MicroBitDisplayD2Ev
                0x000000000001abc8       0x48 ym/microbit-dal/source/microbit-dal.a(MicroBitDisplay.cpp.o)
                0x000000000001abc8                MicroBitDisplay::~MicroBitDisplay()
                0x000000000001abc8                MicroBitDisplay::~MicroBitDisplay()
 .text._ZN15MicroBitDisplayC2EtRK9MatrixMap
                0x000000000001ac10       0xd8 ym/microbit-dal/source/microbit-dal.a(MicroBitDisplay.cpp.o)
                0x000000000001ac10                MicroBitDisplay::MicroBitDisplay(unsigned short, MatrixMap const&)
                0x000000000001ac10                MicroBitDisplay::MicroBitDisplay(unsigned short, MatrixMap const&)
 .text._ZN15MicroBitDisplay6renderEv
                0x000000000001ace8       0xf4 ym/microbit-dal/source/microbit-dal.a(MicroBitDisplay.cpp.o)
                0x000000000001ace8                MicroBitDisplay::render()
 .text._ZN15MicroBitDisplay26sendAnimationCompleteEventEv
                0x000000000001addc       0x24 ym/microbit-dal/source/microbit-dal.a(MicroBitDisplay.cpp.o)
                0x000000000001addc                MicroBitDisplay::sendAnimationCompleteEvent()
 .text._ZN15MicroBitDisplay13stopAnimationEv
                0x000000000001ae00       0x38 ym/microbit-dal/source/microbit-dal.a(MicroBitDisplay.cpp.o)
                0x000000000001ae00                MicroBitDisplay::stopAnimation()
 .text._ZN15MicroBitDisplay18waitForFreeDisplayEv
                0x000000000001ae38       0x20 ym/microbit-dal/source/microbit-dal.a(MicroBitDisplay.cpp.o)
                0x000000000001ae38                MicroBitDisplay::waitForFreeDisplay()
 .text._ZN15MicroBitDisplay9fiberWaitEv
                0x000000000001ae58       0x2c ym/microbit-dal/source/microbit-dal.a(MicroBitDisplay.cpp.o)
                0x000000000001ae58                MicroBitDisplay::fiberWait()
 .text._ZN15MicroBitDisplay14printCharAsyncEci
                0x000000000001ae84       0x4c ym/microbit-dal/source/microbit-dal.a(MicroBitDisplay.cpp.o)
                0x000000000001ae84                MicroBitDisplay::printCharAsync(char, int)
 .text._ZN15MicroBitDisplay10printAsyncE13ManagedStringi
                0x000000000001aed0       0x6c ym/microbit-dal/source/microbit-dal.a(MicroBitDisplay.cpp.o)
                0x000000000001aed0                MicroBitDisplay::printAsync(ManagedString, int)
 .text._ZN15MicroBitDisplay10printAsyncE13MicroBitImageiiii
                0x000000000001af3c       0x54 ym/microbit-dal/source/microbit-dal.a(MicroBitDisplay.cpp.o)
                0x000000000001af3c                MicroBitDisplay::printAsync(MicroBitImage, int, int, int, int)
 .text._ZN15MicroBitDisplay5printE13MicroBitImageiiii
                0x000000000001af90       0x64 ym/microbit-dal/source/microbit-dal.a(MicroBitDisplay.cpp.o)
                0x000000000001af90                MicroBitDisplay::print(MicroBitImage, int, int, int, int)
 .text._ZN15MicroBitDisplay11scrollAsyncE13ManagedStringi
                0x000000000001aff4       0x54 ym/microbit-dal/source/microbit-dal.a(MicroBitDisplay.cpp.o)
                0x000000000001aff4                MicroBitDisplay::scrollAsync(ManagedString, int)
 .text._ZN15MicroBitDisplay6scrollE13ManagedStringi
                0x000000000001b048       0x4c ym/microbit-dal/source/microbit-dal.a(MicroBitDisplay.cpp.o)
                0x000000000001b048                MicroBitDisplay::scroll(ManagedString, int)
 .text._ZN15MicroBitDisplay13setBrightnessEi
                0x000000000001b094       0x14 ym/microbit-dal/source/microbit-dal.a(MicroBitDisplay.cpp.o)
                0x000000000001b094                MicroBitDisplay::setBrightness(int)
 .text._ZN11MicroBitI2C4readEiPcib
                0x000000000001b0a8       0x94 ym/microbit-dal/source/microbit-dal.a(MicroBitI2C.cpp.o)
                0x000000000001b0a8                MicroBitI2C::read(int, char*, int, bool)
 .text._ZN11MicroBitI2C5writeEiPKcib
                0x000000000001b13c       0x94 ym/microbit-dal/source/microbit-dal.a(MicroBitI2C.cpp.o)
                0x000000000001b13c                MicroBitI2C::write(int, char const*, int, bool)
 .text._ZN18MicroBitMessageBus6removeEP16MicroBitListener
                0x000000000001b1d0       0x74 ym/microbit-dal/source/microbit-dal.a(MicroBitMessageBus.cpp.o)
                0x000000000001b1d0                MicroBitMessageBus::remove(MicroBitListener*)
 .text._ZN18MicroBitMessageBus3addEP16MicroBitListener
                0x000000000001b244       0xd0 ym/microbit-dal/source/microbit-dal.a(MicroBitMessageBus.cpp.o)
                0x000000000001b244                MicroBitMessageBus::add(MicroBitListener*)
 .text._ZN18MicroBitMessageBusD2Ev
                0x000000000001b314       0x20 ym/microbit-dal/source/microbit-dal.a(MicroBitMessageBus.cpp.o)
                0x000000000001b314                MicroBitMessageBus::~MicroBitMessageBus()
                0x000000000001b314                MicroBitMessageBus::~MicroBitMessageBus()
 .text._ZThn4_N18MicroBitMessageBusD1Ev
                0x000000000001b334       0x10 ym/microbit-dal/source/microbit-dal.a(MicroBitMessageBus.cpp.o)
                0x000000000001b334                non-virtual thunk to MicroBitMessageBus::~MicroBitMessageBus()
 .text._ZThn4_N18MicroBitMessageBusD0Ev
                0x000000000001b344       0x10 ym/microbit-dal/source/microbit-dal.a(MicroBitMessageBus.cpp.o)
                0x000000000001b344                non-virtual thunk to MicroBitMessageBus::~MicroBitMessageBus()
 .text._ZN18MicroBitMessageBusC2Ev
                0x000000000001b354       0x3c ym/microbit-dal/source/microbit-dal.a(MicroBitMessageBus.cpp.o)
                0x000000000001b354                MicroBitMessageBus::MicroBitMessageBus()
                0x000000000001b354                MicroBitMessageBus::MicroBitMessageBus()
 .text._ZN18MicroBitMessageBus7processER13MicroBitEventb
                0x000000000001b390       0x84 ym/microbit-dal/source/microbit-dal.a(MicroBitMessageBus.cpp.o)
                0x000000000001b390                MicroBitMessageBus::process(MicroBitEvent&, bool)
 .text._ZThn4_N18MicroBitMessageBus8idleTickEv
                0x000000000001b414       0x10 ym/microbit-dal/source/microbit-dal.a(MicroBitMessageBus.cpp.o)
                0x000000000001b414                non-virtual thunk to MicroBitMessageBus::idleTick()
 .text._ZN10EventModel6listenI19MicroBitMultiButtonEEittPT_MS2_Fv13MicroBitEventEt
                0x000000000001b424       0xac ym/microbit-dal/source/microbit-dal.a(MicroBitMultiButton.cpp.o)
                0x000000000001b424                int EventModel::listen<MicroBitMultiButton>(unsigned short, unsigned short, MicroBitMultiButton*, void (MicroBitMultiButton::*)(MicroBitEvent), unsigned short)
 .text._ZN19MicroBitMultiButtonC2Ettt
                0x000000000001b4d0       0x70 ym/microbit-dal/source/microbit-dal.a(MicroBitMultiButton.cpp.o)
                0x000000000001b4d0                MicroBitMultiButton::MicroBitMultiButton(unsigned short, unsigned short, unsigned short)
                0x000000000001b4d0                MicroBitMultiButton::MicroBitMultiButton(unsigned short, unsigned short, unsigned short)
 .text._ZN11MicroBitPinC2Ei7PinName13PinCapability
                0x000000000001b540       0x1c ym/microbit-dal/source/microbit-dal.a(MicroBitPin.cpp.o)
                0x000000000001b540                MicroBitPin::MicroBitPin(int, PinName, PinCapability)
                0x000000000001b540                MicroBitPin::MicroBitPin(int, PinName, PinCapability)
 .text._ZN13MicroBitRadioC2Et
                0x000000000001b55c       0x40 ym/microbit-dal/source/microbit-dal.a(MicroBitRadio.cpp.o)
                0x000000000001b55c                MicroBitRadio::MicroBitRadio(unsigned short)
                0x000000000001b55c                MicroBitRadio::MicroBitRadio(unsigned short)
 .text._ZN13MicroBitRadio16setFrequencyBandEi
                0x000000000001b59c       0x30 ym/microbit-dal/source/microbit-dal.a(MicroBitRadio.cpp.o)
                0x000000000001b59c                MicroBitRadio::setFrequencyBand(int)
 .text._ZN13MicroBitRadio7setRSSIEi
                0x000000000001b5cc       0x14 ym/microbit-dal/source/microbit-dal.a(MicroBitRadio.cpp.o)
                0x000000000001b5cc                MicroBitRadio::setRSSI(int)
 .text._ZN13MicroBitRadio7getRSSIEv
                0x000000000001b5e0       0x14 ym/microbit-dal/source/microbit-dal.a(MicroBitRadio.cpp.o)
                0x000000000001b5e0                MicroBitRadio::getRSSI()
 .text._ZN13MicroBitRadio10queueRxBufEv
                0x000000000001b5f4       0x60 ym/microbit-dal/source/microbit-dal.a(MicroBitRadio.cpp.o)
                0x000000000001b5f4                MicroBitRadio::queueRxBuf()
 .text.RADIO_IRQHandler
                0x000000000001b654       0x64 ym/microbit-dal/source/microbit-dal.a(MicroBitRadio.cpp.o)
                0x000000000001b654                RADIO_IRQHandler
 .text._ZN13MicroBitRadio8setGroupEh
                0x000000000001b6b8       0x28 ym/microbit-dal/source/microbit-dal.a(MicroBitRadio.cpp.o)
                0x000000000001b6b8                MicroBitRadio::setGroup(unsigned char)
 .text._ZN13MicroBitRadio6enableEv
                0x000000000001b6e0      0x138 ym/microbit-dal/source/microbit-dal.a(MicroBitRadio.cpp.o)
                0x000000000001b6e0                MicroBitRadio::enable()
 .text._ZN13MicroBitRadio4recvEv
                0x000000000001b818       0x28 ym/microbit-dal/source/microbit-dal.a(MicroBitRadio.cpp.o)
                0x000000000001b818                MicroBitRadio::recv()
 .text._ZN13MicroBitRadio4sendEP11FrameBuffer
                0x000000000001b840       0xa8 ym/microbit-dal/source/microbit-dal.a(MicroBitRadio.cpp.o)
                0x000000000001b840                MicroBitRadio::send(FrameBuffer*)
 .text._ZN21MicroBitRadioDatagram4recvEv
                0x000000000001b8e8       0x40 ym/microbit-dal/source/microbit-dal.a(MicroBitRadioDatagram.cpp.o)
                0x000000000001b8e8                MicroBitRadioDatagram::recv()
 .text._ZN21MicroBitRadioDatagram4sendEPhi
                0x000000000001b928       0x38 ym/microbit-dal/source/microbit-dal.a(MicroBitRadioDatagram.cpp.o)
                0x000000000001b928                MicroBitRadioDatagram::send(unsigned char*, int)
 .text._ZN14MicroBitSerial4baudEi
                0x000000000001b960       0x14 ym/microbit-dal/source/microbit-dal.a(MicroBitSerial.cpp.o)
                0x000000000001b960                MicroBitSerial::baud(int)
 .text._ZN14MicroBitSerialC2E7PinNameS0_hh
                0x000000000001b974       0x50 ym/microbit-dal/source/microbit-dal.a(MicroBitSerial.cpp.o)
                0x000000000001b974                MicroBitSerial::MicroBitSerial(PinName, PinName, unsigned char, unsigned char)
                0x000000000001b974                MicroBitSerial::MicroBitSerial(PinName, PinName, unsigned char, unsigned char)
 .text._ZN15MicroBitStorage4sizeEv
                0x000000000001b9c4       0x60 ym/microbit-dal/source/microbit-dal.a(MicroBitStorage.cpp.o)
                0x000000000001b9c4                MicroBitStorage::size()
 .text._ZN15MicroBitStorage3putEPKcPhi
                0x000000000001ba24      0x1a8 ym/microbit-dal/source/microbit-dal.a(MicroBitStorage.cpp.o)
                0x000000000001ba24                MicroBitStorage::put(char const*, unsigned char*, int)
 .text._ZN19MicroBitThermometerC2ER15MicroBitStoraget
                0x000000000001bbcc       0x48 ym/microbit-dal/source/microbit-dal.a(MicroBitThermometer.cpp.o)
                0x000000000001bbcc                MicroBitThermometer::MicroBitThermometer(MicroBitStorage&, unsigned short)
                0x000000000001bbcc                MicroBitThermometer::MicroBitThermometer(MicroBitStorage&, unsigned short)
 .text._ZN19MicroBitThermometer12updateSampleEv
                0x000000000001bc14       0x8c ym/microbit-dal/source/microbit-dal.a(MicroBitThermometer.cpp.o)
                0x000000000001bc14                MicroBitThermometer::updateSample()
 .text._ZL18nvmc_event_handlerm
                0x000000000001bca0       0x10 ym/microbit-dal/source/microbit-dal.a(MicroBitFlash.cpp.o)
 .text._ZN13MicroBitFlashC2Ev
                0x000000000001bcb0       0x24 ym/microbit-dal/source/microbit-dal.a(MicroBitFlash.cpp.o)
                0x000000000001bcb0                MicroBitFlash::MicroBitFlash()
                0x000000000001bcb0                MicroBitFlash::MicroBitFlash()
 .text._ZN13MicroBitFlash10erase_pageEPm
                0x000000000001bcd4       0x6c ym/microbit-dal/source/microbit-dal.a(MicroBitFlash.cpp.o)
                0x000000000001bcd4                MicroBitFlash::erase_page(unsigned long*)
 .text._ZN13MicroBitFlash10flash_burnEPmS0_i
                0x000000000001bd40       0x7c ym/microbit-dal/source/microbit-dal.a(MicroBitFlash.cpp.o)
                0x000000000001bd40                MicroBitFlash::flash_burn(unsigned long*, unsigned long*, int)
 .text._ZN18MicroBitBLEManagerD2Ev
                0x000000000001bdbc       0x20 ym/microbit-dal/source/microbit-dal.a(MicroBitBLEManager.cpp.o)
                0x000000000001bdbc                MicroBitBLEManager::~MicroBitBLEManager()
                0x000000000001bdbc                MicroBitBLEManager::~MicroBitBLEManager()
 .text._ZL25bleSysAttrMissingCallbackPK32GattSysAttrMissingCallbackParams
                0x000000000001bddc       0xc8 ym/microbit-dal/source/microbit-dal.a(MicroBitBLEManager.cpp.o)
 .text._ZN18MicroBitBLEManager8idleTickEv
                0x000000000001bea4      0x114 ym/microbit-dal/source/microbit-dal.a(MicroBitBLEManager.cpp.o)
                0x000000000001bea4                MicroBitBLEManager::idleTick()
 .text._ZN18GapAdvertisingData8addFieldENS_10DataType_tEPKhhPh
                0x000000000001bfb8       0xa8 ym/microbit-dal/source/microbit-dal.a(MicroBitBLEManager.cpp.o)
                0x000000000001bfb8                GapAdvertisingData::addField(GapAdvertisingData::DataType_t, unsigned char const*, unsigned char, unsigned char*)
 .text._ZN18GattCharacteristicC2ERK4UUIDPhtthPP13GattAttributejb
                0x000000000001c060       0x94 ym/microbit-dal/source/microbit-dal.a(MicroBitBLEManager.cpp.o)
                0x000000000001c060                GattCharacteristic::GattCharacteristic(UUID const&, unsigned char*, unsigned short, unsigned short, unsigned char, GattAttribute**, unsigned int, bool)
                0x000000000001c060                GattCharacteristic::GattCharacteristic(UUID const&, unsigned char*, unsigned short, unsigned short, unsigned char, GattAttribute**, unsigned int, bool)
 .text._ZN3BLE22setAdvertisingIntervalEt
                0x000000000001c0f4       0x3c ym/microbit-dal/source/microbit-dal.a(MicroBitBLEManager.cpp.o)
                0x000000000001c0f4                BLE::setAdvertisingInterval(unsigned short)
 .text._ZN24DeviceInformationServiceC2ER3BLEPKcS3_S3_S3_S3_S3_
                0x000000000001c130      0x1dc ym/microbit-dal/source/microbit-dal.a(MicroBitBLEManager.cpp.o)
                0x000000000001c130                DeviceInformationService::DeviceInformationService(BLE&, char const*, char const*, char const*, char const*, char const*, char const*)
                0x000000000001c130                DeviceInformationService::DeviceInformationService(BLE&, char const*, char const*, char const*, char const*, char const*, char const*)
 .text._ZN18MicroBitBLEManagerC2ER15MicroBitStorage
                0x000000000001c30c       0x38 ym/microbit-dal/source/microbit-dal.a(MicroBitBLEManager.cpp.o)
                0x000000000001c30c                MicroBitBLEManager::MicroBitBLEManager(MicroBitStorage&)
                0x000000000001c30c                MicroBitBLEManager::MicroBitBLEManager(MicroBitStorage&)
 .text._ZL24bleDisconnectionCallbackPKN3Gap29DisconnectionCallbackParams_tE
                0x000000000001c344       0x3c ym/microbit-dal/source/microbit-dal.a(MicroBitBLEManager.cpp.o)
 .text._ZN18MicroBitBLEManager16setTransmitPowerEi
                0x000000000001c380       0x34 ym/microbit-dal/source/microbit-dal.a(MicroBitBLEManager.cpp.o)
                0x000000000001c380                MicroBitBLEManager::setTransmitPower(int)
 .text._ZN18MicroBitBLEManager4initE13ManagedStringS0_R10EventModelb
                0x000000000001c3b4      0x2d8 ym/microbit-dal/source/microbit-dal.a(MicroBitBLEManager.cpp.o)
                0x000000000001c3b4                MicroBitBLEManager::init(ManagedString, ManagedString, EventModel&, bool)
 .text._ZL22passkeyDisplayCallbacktPKh
                0x000000000001c68c       0x34 ym/microbit-dal/source/microbit-dal.a(MicroBitBLEManager.cpp.o)
 .text._ZL30securitySetupCompletedCallbacktN15SecurityManager26SecurityCompletionStatus_tE
                0x000000000001c6c0       0x40 ym/microbit-dal/source/microbit-dal.a(MicroBitBLEManager.cpp.o)
 .text._ZN18MicroBitBLEManager11pairingModeER15MicroBitDisplayR14MicroBitButton
                0x000000000001c700      0x2a0 ym/microbit-dal/source/microbit-dal.a(MicroBitBLEManager.cpp.o)
                0x000000000001c700                MicroBitBLEManager::pairingMode(MicroBitDisplay&, MicroBitButton&)
 .text._ZN18MicroBitDFUServiceC2ER3BLE
                0x000000000001c9a0      0x180 ym/microbit-dal/source/microbit-dal.a(MicroBitDFUService.cpp.o)
                0x000000000001c9a0                MicroBitDFUService::MicroBitDFUService(BLE&)
                0x000000000001c9a0                MicroBitDFUService::MicroBitDFUService(BLE&)
 .text._ZN20MicroBitEventServiceC2ER3BLER10EventModel
                0x000000000001cb20      0x1fc ym/microbit-dal/source/microbit-dal.a(MicroBitEventService.cpp.o)
                0x000000000001cb20                MicroBitEventService::MicroBitEventService(BLE&, EventModel&)
                0x000000000001cb20                MicroBitEventService::MicroBitEventService(BLE&, EventModel&)
 .text._ZN16MicroBitListenerC2I20MicroBitEventServiceEEttPT_MS2_Fv13MicroBitEventEt
                0x000000000001cd1c       0x68 ym/microbit-dal/source/microbit-dal.a(MicroBitEventService.cpp.o)
                0x000000000001cd1c                MicroBitListener::MicroBitListener<MicroBitEventService>(unsigned short, unsigned short, MicroBitEventService*, void (MicroBitEventService::*)(MicroBitEvent), unsigned short)
                0x000000000001cd1c                MicroBitListener::MicroBitListener<MicroBitEventService>(unsigned short, unsigned short, MicroBitEventService*, void (MicroBitEventService::*)(MicroBitEvent), unsigned short)
 .text._ZN20MicroBitEventService13onDataWrittenEPK23GattWriteCallbackParams
                0x000000000001cd84       0xa4 ym/microbit-dal/source/microbit-dal.a(MicroBitEventService.cpp.o)
                0x000000000001cd84                MicroBitEventService::onDataWritten(GattWriteCallbackParams const*)
 .text._ZN20MicroBitEventService8idleTickEv
                0x000000000001ce28       0x50 ym/microbit-dal/source/microbit-dal.a(MicroBitEventService.cpp.o)
                0x000000000001ce28                MicroBitEventService::idleTick()
 .text          0x000000000001ce78      0x124 ym/microbit-dal/source/microbit-dal.a(CortexContextSwitch.s.obj)
                0x000000000001ce78                swap_context
                0x000000000001cefa                save_context
                0x000000000001cf3e                save_register_context
                0x000000000001cf6e                restore_register_context
 .text._Z14string_reversePc
                0x000000000001cf9c       0x2c ym/microbit-dal/source/microbit-dal.a(MicroBitCompat.cpp.o)
                0x000000000001cf9c                string_reverse(char*)
 .text._Z4itoaiPc
                0x000000000001cfc8       0x68 ym/microbit-dal/source/microbit-dal.a(MicroBitCompat.cpp.o)
                0x000000000001cfc8                itoa(int, char*)
 .text._ZN7Matrix4C2Eii
                0x000000000001d030       0x30 ym/microbit-dal/source/microbit-dal.a(Matrix4.cpp.o)
                0x000000000001d030                Matrix4::Matrix4(int, int)
                0x000000000001d030                Matrix4::Matrix4(int, int)
 .text._ZN7Matrix4C2ERKS_
                0x000000000001d060       0x44 ym/microbit-dal/source/microbit-dal.a(Matrix4.cpp.o)
                0x000000000001d060                Matrix4::Matrix4(Matrix4 const&)
                0x000000000001d060                Matrix4::Matrix4(Matrix4 const&)
 .text._ZN3BLE8InstanceEj
                0x000000000001d0a4       0x5c ym/ble/source/ble.a(BLE.cpp.o)
                0x000000000001d0a4                BLE::Instance(unsigned int)
 .text._ZN3BLEC2Ej
                0x000000000001d100       0x2c ym/ble/source/ble.a(BLE.cpp.o)
                0x000000000001d100                BLE::BLE(unsigned int)
                0x000000000001d100                BLE::BLE(unsigned int)
 .text._ZNK3BLE3gapEv
                0x000000000001d12c       0x20 ym/ble/source/ble.a(BLE.cpp.o)
                0x000000000001d12c                BLE::gap() const
 .text._ZNK3BLE10gattServerEv
                0x000000000001d14c       0x20 ym/ble/source/ble.a(BLE.cpp.o)
                0x000000000001d14c                BLE::gattServer() const
 .text._ZNK3BLE15securityManagerEv
                0x000000000001d16c       0x20 ym/ble/source/ble.a(BLE.cpp.o)
                0x000000000001d16c                BLE::securityManager() const
 .text._ZL16sys_evt_dispatchm
                0x000000000001d18c       0x1c ym/ble-nrf51822/source/ble-nrf51822.a(btle.cpp.o)
 .text._ZL12btle_handlerP9ble_evt_t
                0x000000000001d1a8      0x17c ym/ble-nrf51822/source/ble-nrf51822.a(btle.cpp.o)
 .text.btle_set_gatt_table_size
                0x000000000001d324       0x14 ym/ble-nrf51822/source/ble-nrf51822.a(btle.cpp.o)
                0x000000000001d324                btle_set_gatt_table_size
 .text.btle_set_user_evt_handler
                0x000000000001d338        0xc ym/ble-nrf51822/source/ble-nrf51822.a(btle.cpp.o)
                0x000000000001d338                btle_set_user_evt_handler
 .text.btle_init
                0x000000000001d344       0xa4 ym/ble-nrf51822/source/ble-nrf51822.a(btle.cpp.o)
                0x000000000001d344                btle_init
 .text.app_error_handler
                0x000000000001d3e8       0x20 ym/ble-nrf51822/source/ble-nrf51822.a(btle.cpp.o)
                0x000000000001d3e8                app_error_handler
 .text._Z13btle_gap_initv
                0x000000000001d408       0x54 ym/ble-nrf51822/source/ble-nrf51822.a(btle_gap.cpp.o)
                0x000000000001d408                btle_gap_init()
 .text._ZN8nRF5xGap25getPermittedTxPowerValuesEPPKaPj
                0x000000000001d45c       0x10 ym/ble-nrf51822/source/ble-nrf51822.a(nRF5xGap.cpp.o)
                0x000000000001d45c                nRF5xGap::getPermittedTxPowerValues(signed char const**, unsigned int*)
 .text._Z31radioNotificationStaticCallbackb
                0x000000000001d46c       0x3c ym/ble-nrf51822/source/ble-nrf51822.a(nRF5xGap.cpp.o)
                0x000000000001d46c                radioNotificationStaticCallback(bool)
 .text._ZN8nRF5xGap21initRadioNotificationEv
                0x000000000001d4a8       0x1c ym/ble-nrf51822/source/ble-nrf51822.a(nRF5xGap.cpp.o)
                0x000000000001d4a8                nRF5xGap::initRadioNotification()
 .text._ZN3Gap5resetEv
                0x000000000001d4c4       0xe0 ym/ble-nrf51822/source/ble-nrf51822.a(nRF5xGap.cpp.o)
                0x000000000001d4c4                Gap::reset()
 .text._ZN8nRF5xGap22generateStackWhitelistER19ble_gap_whitelist_t
                0x000000000001d5a4       0xe0 ym/ble-nrf51822/source/ble-nrf51822.a(nRF5xGap.cpp.o)
                0x000000000001d5a4                nRF5xGap::generateStackWhitelist(ble_gap_whitelist_t&)
 .text._ZN8nRF5xGap16startAdvertisingERK20GapAdvertisingParams
                0x000000000001d684       0xac ym/ble-nrf51822/source/ble-nrf51822.a(nRF5xGap.cpp.o)
                0x000000000001d684                nRF5xGap::startAdvertising(GapAdvertisingParams const&)
 .text._ZN8nRF5xGap7connectEPKhN11BLEProtocol11AddressType4TypeEPKN3Gap18ConnectionParams_tEPK17GapScanningParams
                0x000000000001d730       0xec ym/ble-nrf51822/source/ble-nrf51822.a(nRF5xGap.cpp.o)
                0x000000000001d730                nRF5xGap::connect(unsigned char const*, BLEProtocol::AddressType::Type, Gap::ConnectionParams_t const*, GapScanningParams const*)
 .text._ZL10dm_handlerPK13device_handlePK10dm_event_tm
                0x000000000001d81c       0xa4 ym/ble-nrf51822/source/ble-nrf51822.a(btle_security.cpp.o)
 .text._Z27btle_hasInitializedSecurityv
                0x000000000001d8c0        0xc ym/ble-nrf51822/source/ble-nrf51822.a(btle_security.cpp.o)
                0x000000000001d8c0                btle_hasInitializedSecurity()
 .text._Z23btle_initializeSecuritybbN15SecurityManager24SecurityIOCapabilities_tEPKh
                0x000000000001d8cc       0xd8 ym/ble-nrf51822/source/ble-nrf51822.a(btle_security.cpp.o)
                0x000000000001d8cc                btle_initializeSecurity(bool, bool, SecurityManager::SecurityIOCapabilities_t, unsigned char const*)
 .text._Z25btle_purgeAllBondingStatev
                0x000000000001d9a4       0x24 ym/ble-nrf51822/source/ble-nrf51822.a(btle_security.cpp.o)
                0x000000000001d9a4                btle_purgeAllBondingState()
 .text._Z20btle_getLinkSecuritytPN15SecurityManager20LinkSecurityStatus_tE
                0x000000000001d9c8       0x48 ym/ble-nrf51822/source/ble-nrf51822.a(btle_security.cpp.o)
                0x000000000001d9c8                btle_getLinkSecurity(unsigned short, SecurityManager::LinkSecurityStatus_t*)
 .text._Z20btle_setLinkSecuritytN15SecurityManager14SecurityMode_tE
                0x000000000001da10       0x4c ym/ble-nrf51822/source/ble-nrf51822.a(btle_security.cpp.o)
                0x000000000001da10                btle_setLinkSecurity(unsigned short, SecurityManager::SecurityMode_t)
 .text._Z33btle_createWhitelistFromBondTableP19ble_gap_whitelist_t
                0x000000000001da5c       0x30 ym/ble-nrf51822/source/ble-nrf51822.a(btle_security.cpp.o)
                0x000000000001da5c                btle_createWhitelistFromBondTable(ble_gap_whitelist_t*)
 .text._ZNK3Gap25getMaxAdvertisingIntervalEv
                0x000000000001da8c        0x8 ym/ble-nrf51822/source/ble-nrf51822.a(nRF5xn.cpp.o)
                0x000000000001da8c                Gap::getMaxAdvertisingInterval() const
 .text._ZN10GattClient16discoverServicesEt26FunctionPointerWithContextIPK17DiscoveredServiceERK4UUID
                0x000000000001da94       0x60 ym/ble-nrf51822/source/ble-nrf51822.a(nRF5xn.cpp.o)
                0x000000000001da94                GattClient::discoverServices(unsigned short, FunctionPointerWithContext<DiscoveredService const*>, UUID const&)
 .text._ZNK6nRF5xn18getSecurityManagerEv
                0x000000000001daf4       0x34 ym/ble-nrf51822/source/ble-nrf51822.a(nRF5xn.cpp.o)
                0x000000000001daf4                nRF5xn::getSecurityManager() const
 .text._ZN6nRF5xn13getGattClientEv
                0x000000000001db28       0x48 ym/ble-nrf51822/source/ble-nrf51822.a(nRF5xn.cpp.o)
                0x000000000001db28                nRF5xn::getGattClient()
 .text._ZN6nRF5xn10getVersionEv
                0x000000000001db70       0x74 ym/ble-nrf51822/source/ble-nrf51822.a(nRF5xn.cpp.o)
                0x000000000001db70                nRF5xn::getVersion()
 .text._ZN38CallChainOfFunctionPointersWithContextIPK23GattWriteCallbackParamsED2Ev
                0x000000000001dbe4       0x14 ym/ble-nrf51822/source/ble-nrf51822.a(nRF5xn.cpp.o)
                0x000000000001dbe4                CallChainOfFunctionPointersWithContext<GattWriteCallbackParams const*>::~CallChainOfFunctionPointersWithContext()
                0x000000000001dbe4                CallChainOfFunctionPointersWithContext<GattWriteCallbackParams const*>::~CallChainOfFunctionPointersWithContext()
 .text._ZN38CallChainOfFunctionPointersWithContextIPK22GattReadCallbackParamsED2Ev
                0x000000000001dbf8       0x14 ym/ble-nrf51822/source/ble-nrf51822.a(nRF5xn.cpp.o)
                0x000000000001dbf8                CallChainOfFunctionPointersWithContext<GattReadCallbackParams const*>::~CallChainOfFunctionPointersWithContext()
                0x000000000001dbf8                CallChainOfFunctionPointersWithContext<GattReadCallbackParams const*>::~CallChainOfFunctionPointersWithContext()
 .text._ZN38CallChainOfFunctionPointersWithContextIjED2Ev
                0x000000000001dc0c       0x20 ym/ble-nrf51822/source/ble-nrf51822.a(nRF5xn.cpp.o)
                0x000000000001dc0c                CallChainOfFunctionPointersWithContext<unsigned int>::~CallChainOfFunctionPointersWithContext()
                0x000000000001dc0c                CallChainOfFunctionPointersWithContext<unsigned int>::~CallChainOfFunctionPointersWithContext()
 .text._ZN38CallChainOfFunctionPointersWithContextIPK32GattSysAttrMissingCallbackParamsED2Ev
                0x000000000001dc2c       0x20 ym/ble-nrf51822/source/ble-nrf51822.a(nRF5xn.cpp.o)
                0x000000000001dc2c                CallChainOfFunctionPointersWithContext<GattSysAttrMissingCallbackParams const*>::~CallChainOfFunctionPointersWithContext()
                0x000000000001dc2c                CallChainOfFunctionPointersWithContext<GattSysAttrMissingCallbackParams const*>::~CallChainOfFunctionPointersWithContext()
 .text._ZN38CallChainOfFunctionPointersWithContextIPK10GattServerED2Ev
                0x000000000001dc4c       0x20 ym/ble-nrf51822/source/ble-nrf51822.a(nRF5xn.cpp.o)
                0x000000000001dc4c                CallChainOfFunctionPointersWithContext<GattServer const*>::~CallChainOfFunctionPointersWithContext()
                0x000000000001dc4c                CallChainOfFunctionPointersWithContext<GattServer const*>::~CallChainOfFunctionPointersWithContext()
 .text._ZN38CallChainOfFunctionPointersWithContextIPK21GattHVXCallbackParamsED2Ev
                0x000000000001dc6c       0x20 ym/ble-nrf51822/source/ble-nrf51822.a(nRF5xn.cpp.o)
                0x000000000001dc6c                CallChainOfFunctionPointersWithContext<GattHVXCallbackParams const*>::~CallChainOfFunctionPointersWithContext()
                0x000000000001dc6c                CallChainOfFunctionPointersWithContext<GattHVXCallbackParams const*>::~CallChainOfFunctionPointersWithContext()
 .text._ZN38CallChainOfFunctionPointersWithContextIPK10GattClientED2Ev
                0x000000000001dc8c       0x20 ym/ble-nrf51822/source/ble-nrf51822.a(nRF5xn.cpp.o)
                0x000000000001dc8c                CallChainOfFunctionPointersWithContext<GattClient const*>::~CallChainOfFunctionPointersWithContext()
                0x000000000001dc8c                CallChainOfFunctionPointersWithContext<GattClient const*>::~CallChainOfFunctionPointersWithContext()
 .text._ZN38CallChainOfFunctionPointersWithContextIN3Gap15TimeoutSource_tEED2Ev
                0x000000000001dcac       0x20 ym/ble-nrf51822/source/ble-nrf51822.a(nRF5xn.cpp.o)
                0x000000000001dcac                CallChainOfFunctionPointersWithContext<Gap::TimeoutSource_t>::~CallChainOfFunctionPointersWithContext()
                0x000000000001dcac                CallChainOfFunctionPointersWithContext<Gap::TimeoutSource_t>::~CallChainOfFunctionPointersWithContext()
 .text._ZN38CallChainOfFunctionPointersWithContextIPKN3Gap26ConnectionCallbackParams_tEED2Ev
                0x000000000001dccc       0x20 ym/ble-nrf51822/source/ble-nrf51822.a(nRF5xn.cpp.o)
                0x000000000001dccc                CallChainOfFunctionPointersWithContext<Gap::ConnectionCallbackParams_t const*>::~CallChainOfFunctionPointersWithContext()
                0x000000000001dccc                CallChainOfFunctionPointersWithContext<Gap::ConnectionCallbackParams_t const*>::~CallChainOfFunctionPointersWithContext()
 .text._ZN38CallChainOfFunctionPointersWithContextIPKN3Gap29DisconnectionCallbackParams_tEED2Ev
                0x000000000001dcec       0x20 ym/ble-nrf51822/source/ble-nrf51822.a(nRF5xn.cpp.o)
                0x000000000001dcec                CallChainOfFunctionPointersWithContext<Gap::DisconnectionCallbackParams_t const*>::~CallChainOfFunctionPointersWithContext()
                0x000000000001dcec                CallChainOfFunctionPointersWithContext<Gap::DisconnectionCallbackParams_t const*>::~CallChainOfFunctionPointersWithContext()
 .text._ZN38CallChainOfFunctionPointersWithContextIPK3GapED2Ev
                0x000000000001dd0c       0x20 ym/ble-nrf51822/source/ble-nrf51822.a(nRF5xn.cpp.o)
                0x000000000001dd0c                CallChainOfFunctionPointersWithContext<Gap const*>::~CallChainOfFunctionPointersWithContext()
                0x000000000001dd0c                CallChainOfFunctionPointersWithContext<Gap const*>::~CallChainOfFunctionPointersWithContext()
 .text._ZN38CallChainOfFunctionPointersWithContextIPK15SecurityManagerED2Ev
                0x000000000001dd2c       0x20 ym/ble-nrf51822/source/ble-nrf51822.a(nRF5xn.cpp.o)
                0x000000000001dd2c                CallChainOfFunctionPointersWithContext<SecurityManager const*>::~CallChainOfFunctionPointersWithContext()
                0x000000000001dd2c                CallChainOfFunctionPointersWithContext<SecurityManager const*>::~CallChainOfFunctionPointersWithContext()
 .text._ZN6nRF5xn18getSecurityManagerEv
                0x000000000001dd4c       0x34 ym/ble-nrf51822/source/ble-nrf51822.a(nRF5xn.cpp.o)
                0x000000000001dd4c                nRF5xn::getSecurityManager()
 .text._ZN6nRF5xnD2Ev
                0x000000000001dd80       0x54 ym/ble-nrf51822/source/ble-nrf51822.a(nRF5xn.cpp.o)
                0x000000000001dd80                nRF5xn::~nRF5xn()
                0x000000000001dd80                nRF5xn::~nRF5xn()
 .text._ZN6nRF5xnC2Ev
                0x000000000001ddd4      0x13c ym/ble-nrf51822/source/ble-nrf51822.a(nRF5xn.cpp.o)
                0x000000000001ddd4                nRF5xn::nRF5xn()
                0x000000000001ddd4                nRF5xn::nRF5xn()
 .text._ZN6nRF5xn8InstanceEj
                0x000000000001df10       0x24 ym/ble-nrf51822/source/ble-nrf51822.a(nRF5xn.cpp.o)
                0x000000000001df10                nRF5xn::Instance(unsigned int)
 .text._ZN26FunctionPointerWithContextItEC2EPFvtE
                0x000000000001df34       0x20 ym/ble-nrf51822/source/ble-nrf51822.a(nRF5xn.cpp.o)
                0x000000000001df34                FunctionPointerWithContext<unsigned short>::FunctionPointerWithContext(void (*)(unsigned short))
                0x000000000001df34                FunctionPointerWithContext<unsigned short>::FunctionPointerWithContext(void (*)(unsigned short))
 .text._ZN15nRF5xGattServerC2Ev
                0x000000000001df54       0xc0 ym/ble-nrf51822/source/ble-nrf51822.a(nRF5xn.cpp.o)
                0x000000000001df54                nRF5xGattServer::nRF5xGattServer()
                0x000000000001df54                nRF5xGattServer::nRF5xGattServer()
 .text._ZN15nRF5xGattServer4readEtPhPt
                0x000000000001e014       0x18 ym/ble-nrf51822/source/ble-nrf51822.a(nRF5xGattServer.cpp.o)
                0x000000000001e014                nRF5xGattServer::read(unsigned short, unsigned char*, unsigned short*)
 .text._ZN15nRF5xGattServer5writeEtPKhtb
                0x000000000001e02c       0x1c ym/ble-nrf51822/source/ble-nrf51822.a(nRF5xGattServer.cpp.o)
                0x000000000001e02c                nRF5xGattServer::write(unsigned short, unsigned char const*, unsigned short, bool)
 .text._ZN15nRF5xGattServer5writeEttPKhtb
                0x000000000001e048       0xf0 ym/ble-nrf51822/source/ble-nrf51822.a(nRF5xGattServer.cpp.o)
                0x000000000001e048                nRF5xGattServer::write(unsigned short, unsigned short, unsigned char const*, unsigned short, bool)
 .text._ZN15nRF5xGattServer10addServiceER11GattService
                0x000000000001e138      0x1dc ym/ble-nrf51822/source/ble-nrf51822.a(nRF5xGattServer.cpp.o)
                0x000000000001e138                nRF5xGattServer::addService(GattService&)
 .text._ZN15nRF5xGattServer5resetEv
                0x000000000001e314       0x50 ym/ble-nrf51822/source/ble-nrf51822.a(nRF5xGattServer.cpp.o)
                0x000000000001e314                nRF5xGattServer::reset()
 .text.custom_convert_to_nordic_uuid
                0x000000000001e364       0xa0 ym/ble-nrf51822/source/ble-nrf51822.a(custom_helper.cpp.o)
                0x000000000001e364                custom_convert_to_nordic_uuid
 .text.custom_add_in_descriptor
                0x000000000001e404       0x6c ym/ble-nrf51822/source/ble-nrf51822.a(custom_helper.cpp.o)
                0x000000000001e404                custom_add_in_descriptor
 .text._ZN17GapScanningParamsC2Etttb
                0x000000000001e470       0x68 ym/ble/source/ble.a(GapScanningParams.cpp.o)
                0x000000000001e470                GapScanningParams::GapScanningParams(unsigned short, unsigned short, unsigned short, bool)
                0x000000000001e470                GapScanningParams::GapScanningParams(unsigned short, unsigned short, unsigned short, bool)
 .text.dfu_app_on_dfu_evt
                0x000000000001e4d8      0x16c ym/nrf51-sdk/source/nrf51-sdk.a(dfu_app_handler.c.o)
                0x000000000001e4d8                dfu_app_on_dfu_evt
 .text.gatts_context_store
                0x000000000001e644       0xb4 ym/nrf51-sdk/source/nrf51-sdk.a(device_manager_peripheral.c.o)
 .text.device_context_store
                0x000000000001e6f8       0xb0 ym/nrf51-sdk/source/nrf51-sdk.a(device_manager_peripheral.c.o)
 .text.gatts_context_apply
                0x000000000001e7a8       0xc0 ym/nrf51-sdk/source/nrf51-sdk.a(device_manager_peripheral.c.o)
 .text.gatts_context_load
                0x000000000001e868       0x34 ym/nrf51-sdk/source/nrf51-sdk.a(device_manager_peripheral.c.o)
 .text.peer_instance_init
                0x000000000001e89c       0x48 ym/nrf51-sdk/source/nrf51-sdk.a(device_manager_peripheral.c.o)
 .text.device_instance_free
                0x000000000001e8e4       0x2c ym/nrf51-sdk/source/nrf51-sdk.a(device_manager_peripheral.c.o)
 .text.dm_pstorage_cb_handler
                0x000000000001e910      0x124 ym/nrf51-sdk/source/nrf51-sdk.a(device_manager_peripheral.c.o)
 .text.dm_init  0x000000000001ea34       0xd4 ym/nrf51-sdk/source/nrf51-sdk.a(device_manager_peripheral.c.o)
                0x000000000001ea34                dm_init
 .text.dm_register
                0x000000000001eb08       0x74 ym/nrf51-sdk/source/nrf51-sdk.a(device_manager_peripheral.c.o)
                0x000000000001eb08                dm_register
 .text.dm_security_status_req
                0x000000000001eb7c       0x70 ym/nrf51-sdk/source/nrf51-sdk.a(device_manager_peripheral.c.o)
                0x000000000001eb7c                dm_security_status_req
 .text.dm_whitelist_create
                0x000000000001ebec       0xcc ym/nrf51-sdk/source/nrf51-sdk.a(device_manager_peripheral.c.o)
                0x000000000001ebec                dm_whitelist_create
 .text.dm_device_delete_all
                0x000000000001ecb8       0x58 ym/nrf51-sdk/source/nrf51-sdk.a(device_manager_peripheral.c.o)
                0x000000000001ecb8                dm_device_delete_all
 .text.dm_application_context_set
                0x000000000001ed10        0x8 ym/nrf51-sdk/source/nrf51-sdk.a(device_manager_peripheral.c.o)
                0x000000000001ed10                dm_application_context_set
 .text.dm_peer_addr_get
                0x000000000001ed18       0x84 ym/nrf51-sdk/source/nrf51-sdk.a(device_manager_peripheral.c.o)
                0x000000000001ed18                dm_peer_addr_get
 .text.dm_distributed_keys_get
                0x000000000001ed9c       0xb0 ym/nrf51-sdk/source/nrf51-sdk.a(device_manager_peripheral.c.o)
                0x000000000001ed9c                dm_distributed_keys_get
 .text.bond_data_load
                0x000000000001ee4c       0x48 ym/nrf51-sdk/source/nrf51-sdk.a(device_manager_peripheral.c.o)
                0x000000000001ee4c                bond_data_load
 .text.address_to_device_id
                0x000000000001ee94       0x2c ym/nrf51-sdk/source/nrf51-sdk.a(device_manager_peripheral.c.o)
                0x000000000001ee94                address_to_device_id
 .text.dm_ble_evt_handler
                0x000000000001eec0      0x380 ym/nrf51-sdk/source/nrf51-sdk.a(device_manager_peripheral.c.o)
                0x000000000001eec0                dm_ble_evt_handler
 .text.dm_handle_get
                0x000000000001f240       0x48 ym/nrf51-sdk/source/nrf51-sdk.a(device_manager_peripheral.c.o)
                0x000000000001f240                dm_handle_get
 .text.pstorage_flash_page_end
                0x000000000001f288       0x20 ym/nrf51-sdk/source/nrf51-sdk.a(pstorage.c.o)
 .text.swap_sub_state_entry_action_run
                0x000000000001f2a8       0x18 ym/nrf51-sdk/source/nrf51-sdk.a(pstorage.c.o)
 .text.app_notify
                0x000000000001f2c0       0x2c ym/nrf51-sdk/source/nrf51-sdk.a(pstorage.c.o)
 .text.is_page_erase_required
                0x000000000001f2ec       0x50 ym/nrf51-sdk/source/nrf51-sdk.a(pstorage.c.o)
 .text.swap_sub_state_err_busy_process
                0x000000000001f33c       0x18 ym/nrf51-sdk/source/nrf51-sdk.a(pstorage.c.o)
 .text.data_to_swap_write_state_run
                0x000000000001f354       0x30 ym/nrf51-sdk/source/nrf51-sdk.a(pstorage.c.o)
 .text.swap_erase_state_run
                0x000000000001f384       0x24 ym/nrf51-sdk/source/nrf51-sdk.a(pstorage.c.o)
 .text.flash_api_err_code_process
                0x000000000001f3a8       0x40 ym/nrf51-sdk/source/nrf51-sdk.a(pstorage.c.o)
 .text.store_cmd_flash_write_execute
                0x000000000001f3e8       0x54 ym/nrf51-sdk/source/nrf51-sdk.a(pstorage.c.o)
 .text.state_restore_head_entry_run
                0x000000000001f43c       0x34 ym/nrf51-sdk/source/nrf51-sdk.a(pstorage.c.o)
 .text.state_restore_tail_entry_run
                0x000000000001f470       0x48 ym/nrf51-sdk/source/nrf51-sdk.a(pstorage.c.o)
 .text.state_write_data_swap_entry_run
                0x000000000001f4b8       0x2c ym/nrf51-sdk/source/nrf51-sdk.a(pstorage.c.o)
 .text.state_data_erase_entry_run
                0x000000000001f4e4       0x14 ym/nrf51-sdk/source/nrf51-sdk.a(pstorage.c.o)
 .text.state_entry_action_run
                0x000000000001f4f8       0xd0 ym/nrf51-sdk/source/nrf51-sdk.a(pstorage.c.o)
 .text.clear_operation_execute
                0x000000000001f5c8      0x144 ym/nrf51-sdk/source/nrf51-sdk.a(pstorage.c.o)
 .text.cmd_process
                0x000000000001f70c       0x44 ym/nrf51-sdk/source/nrf51-sdk.a(pstorage.c.o)
 .text.cmd_queue_enqueue
                0x000000000001f750       0x54 ym/nrf51-sdk/source/nrf51-sdk.a(pstorage.c.o)
 .text.command_end_procedure_run
                0x000000000001f7a4       0x54 ym/nrf51-sdk/source/nrf51-sdk.a(pstorage.c.o)
 .text.clear_post_processing_run
                0x000000000001f7f8       0x2c ym/nrf51-sdk/source/nrf51-sdk.a(pstorage.c.o)
 .text.head_restore_state_run
                0x000000000001f824       0x98 ym/nrf51-sdk/source/nrf51-sdk.a(pstorage.c.o)
 .text.tail_restore_state_run
                0x000000000001f8bc       0x1c ym/nrf51-sdk/source/nrf51-sdk.a(pstorage.c.o)
 .text.data_page_erase_state_run
                0x000000000001f8d8       0x74 ym/nrf51-sdk/source/nrf51-sdk.a(pstorage.c.o)
 .text.flash_operation_success_run
                0x000000000001f94c       0x98 ym/nrf51-sdk/source/nrf51-sdk.a(pstorage.c.o)
 .text.pstorage_sys_event_handler
                0x000000000001f9e4       0x68 ym/nrf51-sdk/source/nrf51-sdk.a(pstorage.c.o)
                0x000000000001f9e4                pstorage_sys_event_handler
 .text.pstorage_init
                0x000000000001fa4c       0x80 ym/nrf51-sdk/source/nrf51-sdk.a(pstorage.c.o)
                0x000000000001fa4c                pstorage_init
 .text.pstorage_register
                0x000000000001facc       0xbc ym/nrf51-sdk/source/nrf51-sdk.a(pstorage.c.o)
                0x000000000001facc                pstorage_register
 .text.pstorage_block_identifier_get
                0x000000000001fb88       0x4c ym/nrf51-sdk/source/nrf51-sdk.a(pstorage.c.o)
                0x000000000001fb88                pstorage_block_identifier_get
 .text.pstorage_store
                0x000000000001fbd4       0x78 ym/nrf51-sdk/source/nrf51-sdk.a(pstorage.c.o)
                0x000000000001fbd4                pstorage_store
 .text.pstorage_update
                0x000000000001fc4c       0x78 ym/nrf51-sdk/source/nrf51-sdk.a(pstorage.c.o)
                0x000000000001fc4c                pstorage_update
 .text.pstorage_load
                0x000000000001fcc4       0x98 ym/nrf51-sdk/source/nrf51-sdk.a(pstorage.c.o)
                0x000000000001fcc4                pstorage_load
 .text.pstorage_clear
                0x000000000001fd5c       0x84 ym/nrf51-sdk/source/nrf51-sdk.a(pstorage.c.o)
                0x000000000001fd5c                pstorage_clear
 .text.SWI1_IRQHandler
                0x000000000001fde0       0x20 ym/nrf51-sdk/source/nrf51-sdk.a(ble_radio_notification.c.o)
                0x000000000001fde0                SWI1_IRQHandler
 .text.ble_radio_notification_init
                0x000000000001fe00       0x38 ym/nrf51-sdk/source/nrf51-sdk.a(ble_radio_notification.c.o)
                0x000000000001fe00                ble_radio_notification_init
 .text.bootloader_util_app_start
                0x000000000001fe38       0x3c ym/nrf51-sdk/source/nrf51-sdk.a(bootloader_util.c.o)
                0x000000000001fe38                bootloader_util_app_start
 .text.ble_dfu_response_send
                0x000000000001fe74       0x64 ym/nrf51-sdk/source/nrf51-sdk.a(ble_dfu.c.o)
                0x000000000001fe74                ble_dfu_response_send
 .text.intern_softdevice_events_execute
                0x000000000001fed8       0xac ym/nrf51-sdk/source/nrf51-sdk.a(softdevice_handler.c.o)
                0x000000000001fed8                intern_softdevice_events_execute
 .text.softdevice_handler_init
                0x000000000001ff84       0x48 ym/nrf51-sdk/source/nrf51-sdk.a(softdevice_handler.c.o)
                0x000000000001ff84                softdevice_handler_init
 .text.softdevice_handler_sd_disable
                0x000000000001ffcc       0x18 ym/nrf51-sdk/source/nrf51-sdk.a(softdevice_handler.c.o)
                0x000000000001ffcc                softdevice_handler_sd_disable
 .text.softdevice_ble_evt_handler_set
                0x000000000001ffe4       0x14 ym/nrf51-sdk/source/nrf51-sdk.a(softdevice_handler.c.o)
                0x000000000001ffe4                softdevice_ble_evt_handler_set
 .text.softdevice_sys_evt_handler_set
                0x000000000001fff8       0x14 ym/nrf51-sdk/source/nrf51-sdk.a(softdevice_handler.c.o)
                0x000000000001fff8                softdevice_sys_evt_handler_set
 .text.SWI2_IRQHandler
                0x000000000002000c       0x24 ym/nrf51-sdk/source/nrf51-sdk.a(softdevice_handler.c.o)
                0x000000000002000c                SWI2_IRQHandler
 .text._ZN4mbed11InterruptInD2Ev
                0x0000000000020030       0x18 ym/mbed-classic/existing/mbed-classic.a(InterruptIn.cpp.o)
                0x0000000000020030                mbed::InterruptIn::~InterruptIn()
                0x0000000000020030                mbed::InterruptIn::~InterruptIn()
 .text._ZN4mbed11InterruptInC2E7PinName
                0x0000000000020048       0x48 ym/mbed-classic/existing/mbed-classic.a(InterruptIn.cpp.o)
                0x0000000000020048                mbed::InterruptIn::InterruptIn(PinName)
                0x0000000000020048                mbed::InterruptIn::InterruptIn(PinName)
 .text._ZN4mbed10TimerEventC2Ev
                0x0000000000020090       0x2c ym/mbed-classic/existing/mbed-classic.a(TimerEvent.cpp.o)
                0x0000000000020090                mbed::TimerEvent::TimerEvent()
                0x0000000000020090                mbed::TimerEvent::TimerEvent()
 .text._ZN4mbed10TimerEventD2Ev
                0x00000000000200bc       0x18 ym/mbed-classic/existing/mbed-classic.a(TimerEvent.cpp.o)
                0x00000000000200bc                mbed::TimerEvent::~TimerEvent()
                0x00000000000200bc                mbed::TimerEvent::~TimerEvent()
 .text._ZN4mbed3I2CC2E7PinNameS1_
                0x00000000000200d4       0x30 ym/mbed-classic/existing/mbed-classic.a(I2C.cpp.o)
                0x00000000000200d4                mbed::I2C::I2C(PinName, PinName)
                0x00000000000200d4                mbed::I2C::I2C(PinName, PinName)
 .text._ZN4mbed3I2C6aquireEv
                0x0000000000020104       0x1c ym/mbed-classic/existing/mbed-classic.a(I2C.cpp.o)
                0x0000000000020104                mbed::I2C::aquire()
 .text._ZN4mbed9RawSerialC2E7PinNameS1_
                0x0000000000020120       0x14 ym/mbed-classic/existing/mbed-classic.a(RawSerial.cpp.o)
                0x0000000000020120                mbed::RawSerial::RawSerial(PinName, PinName)
                0x0000000000020120                mbed::RawSerial::RawSerial(PinName, PinName)
 .text._sbrk    0x0000000000020134       0x28 ym/mbed-classic/existing/mbed-classic.a(retarget.cpp.o)
                0x0000000000020134                _sbrk
 .text._ZN4mbed10SerialBaseC2E7PinNameS1_
                0x000000000002015c       0x3c ym/mbed-classic/existing/mbed-classic.a(SerialBase.cpp.o)
                0x000000000002015c                mbed::SerialBase::SerialBase(PinName, PinName)
                0x000000000002015c                mbed::SerialBase::SerialBase(PinName, PinName)
 .text._ZN4mbed7TimeoutD2Ev
                0x0000000000020198       0x1c ym/mbed-classic/existing/mbed-classic.a(Timeout.cpp.o)
                0x0000000000020198                mbed::Timeout::~Timeout()
                0x0000000000020198                mbed::Timeout::~Timeout()
 .text.get_us_ticker_data
                0x00000000000201b4        0x8 ym/mbed-classic/existing/mbed-classic.a(us_ticker_api.c.o)
                0x00000000000201b4                get_us_ticker_data
 .text.us_ticker_irq_handler
                0x00000000000201bc       0x10 ym/mbed-classic/existing/mbed-classic.a(us_ticker_api.c.o)
                0x00000000000201bc                us_ticker_irq_handler
 .text.gpio_init
                0x00000000000201cc       0x30 ym/mbed-classic/existing/mbed-classic.a(gpio_api.c.o)
                0x00000000000201cc                gpio_init
 .text.twi_master_clear_bus
                0x00000000000201fc       0xb4 ym/mbed-classic/existing/mbed-classic.a(twi_master.c.o)
 .text.twi_master_init_and_clear
                0x00000000000202b0       0x74 ym/mbed-classic/existing/mbed-classic.a(twi_master.c.o)
                0x00000000000202b0                twi_master_init_and_clear
 .text.tmr1_getCounter64
                0x0000000000020324       0x50 ym/mbed-classic/existing/mbed-classic.a(us_ticker.c.o)
 .text.TIMER1_IRQHandler
                0x0000000000020374       0x50 ym/mbed-classic/existing/mbed-classic.a(us_ticker.c.o)
                0x0000000000020374                TIMER1_IRQHandler
 .text.us_ticker_init
                0x00000000000203c4       0x8c ym/mbed-classic/existing/mbed-classic.a(us_ticker.c.o)
                0x00000000000203c4                us_ticker_init
 .text.us_ticker_read
                0x0000000000020450       0x18 ym/mbed-classic/existing/mbed-classic.a(us_ticker.c.o)
                0x0000000000020450                us_ticker_read
 .text.us_ticker_set_interrupt
                0x0000000000020468       0x54 ym/mbed-classic/existing/mbed-classic.a(us_ticker.c.o)
                0x0000000000020468                us_ticker_set_interrupt
 .text.i2c_do_write
                0x00000000000204bc       0x28 ym/mbed-classic/existing/mbed-classic.a(i2c_api.c.o)
                0x00000000000204bc                i2c_do_write
 .text.i2c_do_read
                0x00000000000204e4       0x3c ym/mbed-classic/existing/mbed-classic.a(i2c_api.c.o)
                0x00000000000204e4                i2c_do_read
 .text.i2c_frequency
                0x0000000000020520       0x48 ym/mbed-classic/existing/mbed-classic.a(i2c_api.c.o)
                0x0000000000020520                i2c_frequency
 .text.twi_master_init
                0x0000000000020568       0x44 ym/mbed-classic/existing/mbed-classic.a(i2c_api.c.o)
                0x0000000000020568                twi_master_init
 .text.i2c_init
                0x00000000000205ac       0xc4 ym/mbed-classic/existing/mbed-classic.a(i2c_api.c.o)
                0x00000000000205ac                i2c_init
 .text.i2c_reset
                0x0000000000020670       0x30 ym/mbed-classic/existing/mbed-classic.a(i2c_api.c.o)
                0x0000000000020670                i2c_reset
 .text.i2c_stop
                0x00000000000206a0       0x34 ym/mbed-classic/existing/mbed-classic.a(i2c_api.c.o)
                0x00000000000206a0                i2c_stop
 .text.checkError
                0x00000000000206d4       0x28 ym/mbed-classic/existing/mbed-classic.a(i2c_api.c.o)
                0x00000000000206d4                checkError
 .text.serial_baud.part.0
                0x00000000000206fc       0x38 ym/mbed-classic/existing/mbed-classic.a(serial_api.c.o)
 .text.serial_init
                0x0000000000020734       0xb8 ym/mbed-classic/existing/mbed-classic.a(serial_api.c.o)
                0x0000000000020734                serial_init
 .text.serial_baud
                0x00000000000207ec       0x20 ym/mbed-classic/existing/mbed-classic.a(serial_api.c.o)
                0x00000000000207ec                serial_baud
 .text.UART0_IRQHandler
                0x000000000002080c       0x4c ym/mbed-classic/existing/mbed-classic.a(serial_api.c.o)
                0x000000000002080c                UART0_IRQHandler
 .text.serial_irq_handler
                0x0000000000020858       0x18 ym/mbed-classic/existing/mbed-classic.a(serial_api.c.o)
                0x0000000000020858                serial_irq_handler
 .text.TIMER2_IRQHandler
                0x0000000000020870       0x68 ym/mbed-classic/existing/mbed-classic.a(pwmout_api.c.o)
                0x0000000000020870                TIMER2_IRQHandler
 .text.port_init
                0x00000000000208d8       0x28 ym/mbed-classic/existing/mbed-classic.a(port_api.c.o)
                0x00000000000208d8                port_init
 .text.GPIOTE_IRQHandler
                0x0000000000020900       0xf4 ym/mbed-classic/existing/mbed-classic.a(gpio_irq_api.c.o)
                0x0000000000020900                GPIOTE_IRQHandler
 .text.gpio_irq_init
                0x00000000000209f4       0x60 ym/mbed-classic/existing/mbed-classic.a(gpio_irq_api.c.o)
                0x00000000000209f4                gpio_irq_init
 .text.gpio_irq_free
                0x0000000000020a54       0x10 ym/mbed-classic/existing/mbed-classic.a(gpio_irq_api.c.o)
                0x0000000000020a54                gpio_irq_free
 .text.gpio_irq_set
                0x0000000000020a64       0x9c ym/mbed-classic/existing/mbed-classic.a(gpio_irq_api.c.o)
                0x0000000000020a64                gpio_irq_set
 .text          0x0000000000020b00       0x48 ym/mbed-classic/existing/mbed-classic.a(startup_NRF51822.S.obj)
                0x0000000000020b00                Reset_Handler
                0x0000000000020b3c                NMI_Handler
                0x0000000000020b3e                HardFault_Handler
                0x0000000000020b40                SVC_Handler
                0x0000000000020b42                PendSV_Handler
                0x0000000000020b44                SysTick_Handler
                0x0000000000020b46                SPI0_TWI0_IRQHandler
                0x0000000000020b46                RTC0_IRQHandler
                0x0000000000020b46                POWER_CLOCK_IRQHandler
                0x0000000000020b46                LPCOMP_IRQHandler
                0x0000000000020b46                SWI4_IRQHandler
                0x0000000000020b46                TEMP_IRQHandler
                0x0000000000020b46                QDEC_IRQHandler
                0x0000000000020b46                SWI5_IRQHandler
                0x0000000000020b46                TIMER0_IRQHandler
                0x0000000000020b46                SWI0_IRQHandler
                0x0000000000020b46                ECB_IRQHandler
                0x0000000000020b46                Default_Handler
                0x0000000000020b46                ADC_IRQHandler
                0x0000000000020b46                SWI3_IRQHandler
                0x0000000000020b46                CCM_AAR_IRQHandler
                0x0000000000020b46                WDT_IRQHandler
                0x0000000000020b46                RNG_IRQHandler
                0x0000000000020b46                SPI1_TWI1_IRQHandler
                0x0000000000020b46                RTC1_IRQHandler
 .text.SystemInit
                0x0000000000020b48       0xac ym/mbed-classic/existing/mbed-classic.a(system_nrf51.c.o)
                0x0000000000020b48                SystemInit
 .text._ZNSt7__cxx1112basic_stringIcSt11char_traitsIcESaIcEE9_M_createERjj
                0x0000000000020bf4       0x38 /usr/bin/../lib/gcc/arm-none-eabi/7.2.1/../../../../arm-none-eabi/lib/thumb/v6-m/libstdc++_nano.a(string-inst.o)
                0x0000000000020bf4                std::__cxx11::basic_string<char, std::char_traits<char>, std::allocator<char> >::_M_create(unsigned int&, unsigned int)
 .text._ZNSt7__cxx1112basic_stringIcSt11char_traitsIcESaIcEE12_M_constructIPcEEvT_S7_St20forward_iterator_tag
                0x0000000000020c2c       0x48 /usr/bin/../lib/gcc/arm-none-eabi/7.2.1/../../../../arm-none-eabi/lib/thumb/v6-m/libstdc++_nano.a(string-inst.o)
                0x0000000000020c2c                void std::__cxx11::basic_string<char, std::char_traits<char>, std::allocator<char> >::_M_construct<char*>(char*, char*, std::forward_iterator_tag)
 .text._ZSt15get_new_handlerv
                0x0000000000020c74        0xc /usr/bin/../lib/gcc/arm-none-eabi/7.2.1/../../../../arm-none-eabi/lib/thumb/v6-m/libstdc++_nano.a(new_handler.o)
                0x0000000000020c74                std::get_new_handler()
 .text          0x0000000000020c80       0x14 /usr/bin/../lib/gcc/arm-none-eabi/7.2.1/thumb/v6-m/libgcc.a(_thumb1_case_uqi.o)
                0x0000000000020c80                __gnu_thumb1_case_uqi
 .text          0x0000000000020c94      0x114 /usr/bin/../lib/gcc/arm-none-eabi/7.2.1/thumb/v6-m/libgcc.a(_udivsi3.o)
                0x0000000000020c94                __udivsi3
                0x0000000000020c94                __aeabi_uidiv
                0x0000000000020da0                __aeabi_uidivmod
 .text          0x0000000000020da8      0x1d4 /usr/bin/../lib/gcc/arm-none-eabi/7.2.1/thumb/v6-m/libgcc.a(_divsi3.o)
                0x0000000000020da8                __aeabi_idiv
                0x0000000000020da8                __divsi3
                0x0000000000020f74                __aeabi_idivmod
 .text          0x0000000000020f7c        0x4 /usr/bin/../lib/gcc/arm-none-eabi/7.2.1/thumb/v6-m/libgcc.a(_dvmd_tls.o)
                0x0000000000020f7c                __aeabi_ldiv0
                0x0000000000020f7c                __aeabi_idiv0
 .text          0x0000000000020f80       0x74 /usr/bin/../lib/gcc/arm-none-eabi/7.2.1/thumb/v6-m/libgcc.a(_arm_cmpsf2.o)
                0x0000000000020f80                __aeabi_cfrcmple
                0x0000000000020f88                __aeabi_cfcmple
                0x0000000000020f88                __aeabi_cfcmpeq
                0x0000000000020f98                __aeabi_fcmpeq
                0x0000000000020fa4                __aeabi_fcmplt
                0x0000000000020fb8                __aeabi_fcmple
                0x0000000000020fcc                __aeabi_fcmpgt
                0x0000000000020fe0                __aeabi_fcmpge
 .text          0x0000000000020ff4       0x40 /usr/bin/../lib/gcc/arm-none-eabi/7.2.1/thumb/v6-m/libgcc.a(_aeabi_uldivmod.o)
                0x0000000000020ff4                __aeabi_uldivmod
 .text          0x0000000000021034       0x30 /usr/bin/../lib/gcc/arm-none-eabi/7.2.1/thumb/v6-m/libgcc.a(_fixunssfsi.o)
                0x0000000000021034                __aeabi_f2uiz
                0x0000000000021034                __fixunssfsi
 .text          0x0000000000021064      0x184 /usr/bin/../lib/gcc/arm-none-eabi/7.2.1/thumb/v6-m/libgcc.a(_udivmoddi4.o)
                0x0000000000021064                __udivmoddi4
 .text          0x00000000000211e8      0x334 /usr/bin/../lib/gcc/arm-none-eabi/7.2.1/thumb/v6-m/libgcc.a(addsf3.o)
                0x00000000000211e8                __aeabi_fadd
 .text          0x000000000002151c      0x224 /usr/bin/../lib/gcc/arm-none-eabi/7.2.1/thumb/v6-m/libgcc.a(divsf3.o)
                0x000000000002151c                __aeabi_fdiv
 .text          0x0000000000021740       0x50 /usr/bin/../lib/gcc/arm-none-eabi/7.2.1/thumb/v6-m/libgcc.a(eqsf2.o)
                0x0000000000021740                __nesf2
                0x0000000000021740                __eqsf2
 .text          0x0000000000021790       0x9c /usr/bin/../lib/gcc/arm-none-eabi/7.2.1/thumb/v6-m/libgcc.a(gesf2.o)
                0x0000000000021790                __gtsf2
                0x0000000000021790                __gesf2
 .text          0x000000000002182c       0xa0 /usr/bin/../lib/gcc/arm-none-eabi/7.2.1/thumb/v6-m/libgcc.a(lesf2.o)
                0x000000000002182c                __lesf2
                0x000000000002182c                __ltsf2
 .text          0x00000000000218cc      0x264 /usr/bin/../lib/gcc/arm-none-eabi/7.2.1/thumb/v6-m/libgcc.a(mulsf3.o)
                0x00000000000218cc                __aeabi_fmul
 .text          0x0000000000021b30      0x388 /usr/bin/../lib/gcc/arm-none-eabi/7.2.1/thumb/v6-m/libgcc.a(subsf3.o)
                0x0000000000021b30                __aeabi_fsub
 .text          0x0000000000021eb8       0x40 /usr/bin/../lib/gcc/arm-none-eabi/7.2.1/thumb/v6-m/libgcc.a(fixsfsi.o)
                0x0000000000021eb8                __aeabi_f2iz
 .text          0x0000000000021ef8       0x94 /usr/bin/../lib/gcc/arm-none-eabi/7.2.1/thumb/v6-m/libgcc.a(floatsisf.o)
                0x0000000000021ef8                __aeabi_i2f
 .text          0x0000000000021f8c       0x80 /usr/bin/../lib/gcc/arm-none-eabi/7.2.1/thumb/v6-m/libgcc.a(floatunsisf.o)
                0x0000000000021f8c                __aeabi_ui2f
 .text          0x000000000002200c      0x638 /usr/bin/../lib/gcc/arm-none-eabi/7.2.1/thumb/v6-m/libgcc.a(adddf3.o)
                0x000000000002200c                __aeabi_dadd
 .text          0x0000000000022644      0x604 /usr/bin/../lib/gcc/arm-none-eabi/7.2.1/thumb/v6-m/libgcc.a(divdf3.o)
                0x0000000000022644                __aeabi_ddiv
 .text          0x0000000000022c48      0x4e4 /usr/bin/../lib/gcc/arm-none-eabi/7.2.1/thumb/v6-m/libgcc.a(muldf3.o)
                0x0000000000022c48                __aeabi_dmul
 .text          0x000000000002312c      0x690 /usr/bin/../lib/gcc/arm-none-eabi/7.2.1/thumb/v6-m/libgcc.a(subdf3.o)
                0x000000000002312c                __aeabi_dsub
 .text          0x00000000000237bc       0x6c /usr/bin/../lib/gcc/arm-none-eabi/7.2.1/thumb/v6-m/libgcc.a(fixdfsi.o)
                0x00000000000237bc                __aeabi_d2iz
 .text          0x0000000000023828       0x74 /usr/bin/../lib/gcc/arm-none-eabi/7.2.1/thumb/v6-m/libgcc.a(floatsidf.o)
                0x0000000000023828                __aeabi_i2d
 .text          0x000000000002389c       0xa4 /usr/bin/../lib/gcc/arm-none-eabi/7.2.1/thumb/v6-m/libgcc.a(extendsfdf2.o)
                0x000000000002389c                __aeabi_f2d
 .text          0x0000000000023940      0x108 /usr/bin/../lib/gcc/arm-none-eabi/7.2.1/thumb/v6-m/libgcc.a(truncdfsf2.o)
                0x0000000000023940                __aeabi_d2f
 .text          0x0000000000023a48       0x3c /usr/bin/../lib/gcc/arm-none-eabi/7.2.1/thumb/v6-m/libgcc.a(_clzsi2.o)
                0x0000000000023a48                __clzsi2
 .text          0x0000000000023a84       0x18 /usr/bin/../lib/gcc/arm-none-eabi/7.2.1/thumb/v6-m/libgcc.a(_clzdi2.o)
                0x0000000000023a84                __clzdi2
 .text.atan     0x0000000000023a9c      0x328 /usr/bin/../lib/gcc/arm-none-eabi/7.2.1/../../../../arm-none-eabi/lib/thumb/v6-m/libm.a(lib_a-s_atan.o)
                0x0000000000023a9c                atan
 .text.fabs     0x0000000000023dc4        0x8 /usr/bin/../lib/gcc/arm-none-eabi/7.2.1/../../../../arm-none-eabi/lib/thumb/v6-m/libm.a(lib_a-s_fabs.o)
                0x0000000000023dc4                fabs
 .text.cosf     0x0000000000023dcc       0x7c /usr/bin/../lib/gcc/arm-none-eabi/7.2.1/../../../../arm-none-eabi/lib/thumb/v6-m/libm.a(lib_a-sf_cos.o)
                0x0000000000023dcc                cosf
 .text.sinf     0x0000000000023e48       0x7c /usr/bin/../lib/gcc/arm-none-eabi/7.2.1/../../../../arm-none-eabi/lib/thumb/v6-m/libm.a(lib_a-sf_sin.o)
                0x0000000000023e48                sinf
 .text.atan2    0x0000000000023ec4        0x8 /usr/bin/../lib/gcc/arm-none-eabi/7.2.1/../../../../arm-none-eabi/lib/thumb/v6-m/libm.a(lib_a-w_atan2.o)
                0x0000000000023ec4                atan2
 .text.atan2f   0x0000000000023ecc        0x8 /usr/bin/../lib/gcc/arm-none-eabi/7.2.1/../../../../arm-none-eabi/lib/thumb/v6-m/libm.a(lib_a-wf_atan2.o)
                0x0000000000023ecc                atan2f
 .text.__ieee754_atan2
                0x0000000000023ed4      0x178 /usr/bin/../lib/gcc/arm-none-eabi/7.2.1/../../../../arm-none-eabi/lib/thumb/v6-m/libm.a(lib_a-e_atan2.o)
                0x0000000000023ed4                __ieee754_atan2
 .text.__ieee754_atan2f
                0x000000000002404c      0x128 /usr/bin/../lib/gcc/arm-none-eabi/7.2.1/../../../../arm-none-eabi/lib/thumb/v6-m/libm.a(lib_a-ef_atan2.o)
                0x000000000002404c                __ieee754_atan2f
 .text.__ieee754_rem_pio2f
                0x0000000000024174      0x308 /usr/bin/../lib/gcc/arm-none-eabi/7.2.1/../../../../arm-none-eabi/lib/thumb/v6-m/libm.a(lib_a-ef_rem_pio2.o)
                0x0000000000024174                __ieee754_rem_pio2f
 .text.__kernel_cosf
                0x000000000002447c      0x194 /usr/bin/../lib/gcc/arm-none-eabi/7.2.1/../../../../arm-none-eabi/lib/thumb/v6-m/libm.a(lib_a-kf_cos.o)
                0x000000000002447c                __kernel_cosf
 .text.__kernel_rem_pio2f
                0x0000000000024610      0x700 /usr/bin/../lib/gcc/arm-none-eabi/7.2.1/../../../../arm-none-eabi/lib/thumb/v6-m/libm.a(lib_a-kf_rem_pio2.o)
                0x0000000000024610                __kernel_rem_pio2f
 .text.__kernel_sinf
                0x0000000000024d10       0xf4 /usr/bin/../lib/gcc/arm-none-eabi/7.2.1/../../../../arm-none-eabi/lib/thumb/v6-m/libm.a(lib_a-kf_sin.o)
                0x0000000000024d10                __kernel_sinf
 .text.atanf    0x0000000000024e04      0x228 /usr/bin/../lib/gcc/arm-none-eabi/7.2.1/../../../../arm-none-eabi/lib/thumb/v6-m/libm.a(lib_a-sf_atan.o)
                0x0000000000024e04                atanf
 .text.fabsf    0x000000000002502c        0x8 /usr/bin/../lib/gcc/arm-none-eabi/7.2.1/../../../../arm-none-eabi/lib/thumb/v6-m/libm.a(lib_a-sf_fabs.o)
                0x000000000002502c                fabsf
 .text.floorf   0x0000000000025034       0x94 /usr/bin/../lib/gcc/arm-none-eabi/7.2.1/../../../../arm-none-eabi/lib/thumb/v6-m/libm.a(lib_a-sf_floor.o)
                0x0000000000025034                floorf
 .text.scalbnf  0x00000000000250c8       0xc8 /usr/bin/../lib/gcc/arm-none-eabi/7.2.1/../../../../arm-none-eabi/lib/thumb/v6-m/libm.a(lib_a-sf_scalbn.o)
                0x00000000000250c8                scalbnf
 .text.copysignf
                0x0000000000025190        0xc /usr/bin/../lib/gcc/arm-none-eabi/7.2.1/../../../../arm-none-eabi/lib/thumb/v6-m/libm.a(lib_a-sf_copysign.o)
                0x0000000000025190                copysignf
 .text.__cxa_atexit
                0x000000000002519c       0x1c /usr/bin/../lib/gcc/arm-none-eabi/7.2.1/../../../../arm-none-eabi/lib/thumb/v6-m/libc_nano.a(lib_a-cxa_atexit.o)
                0x000000000002519c                __cxa_atexit
 .text.exit     0x00000000000251b8       0x2c /usr/bin/../lib/gcc/arm-none-eabi/7.2.1/../../../../arm-none-eabi/lib/thumb/v6-m/libc_nano.a(lib_a-exit.o)
                0x00000000000251b8                exit
 .text.__libc_init_array
                0x00000000000251e4       0x48 /usr/bin/../lib/gcc/arm-none-eabi/7.2.1/../../../../arm-none-eabi/lib/thumb/v6-m/libc_nano.a(lib_a-init.o)
                0x00000000000251e4                __libc_init_array
 .text.malloc   0x000000000002522c       0x14 /usr/bin/../lib/gcc/arm-none-eabi/7.2.1/../../../../arm-none-eabi/lib/thumb/v6-m/libc_nano.a(lib_a-malloc.o)
                0x000000000002522c                malloc
 .text.free     0x0000000000025240       0x14 /usr/bin/../lib/gcc/arm-none-eabi/7.2.1/../../../../arm-none-eabi/lib/thumb/v6-m/libc_nano.a(lib_a-malloc.o)
                0x0000000000025240                free
 .text._free_r  0x0000000000025254       0x94 /usr/bin/../lib/gcc/arm-none-eabi/7.2.1/../../../../arm-none-eabi/lib/thumb/v6-m/libc_nano.a(lib_a-nano-freer.o)